[2025/12/25 14:12:30:1586] U: LWS LHP DLO test tool - build/bin/lws-api-test-lhp-dlo https://site.com [--bmp file.bmp]
[2025/12/25 14:12:30:1588] N: lws_create_context: LWS: 4.5.99-c401172, NET CLI SRV H1 H2 WS SS-JSON-POL ConMon IPv6-absent
[2025/12/25 14:12:30:2184] N: htmlss_rx: buflen size 1400
[2025/12/25 14:12:30:2185] N: htmlss_rx: buflen size 2800
[2025/12/25 14:12:30:2234] N: htmlss_rx: buflen size 4200
[2025/12/25 14:12:30:2415] N: htmlss_rx: buflen size 5600
[2025/12/25 14:12:30:2420] N: htmlss_rx: buflen size 6033
[2025/12/25 14:12:30:2428] N: lws_dlo_ss_create: entry
[2025/12/25 14:12:30:2428] N: lws_dlo_ss_create: rebased_url -> file:///app/minimal-examples-lowlevel/api-tests/api-test-lhp-dlo/vectors/lobsters-1/assets/application-c53fef13.css
[2025/12/25 14:12:30:2428] N: lws_dlo_ss_create: starting file:///app/minimal-examples-lowlevel/api-tests/api-test-lhp-dlo/vectors/lobsters-1/assets/application-c53fef13.css (dlo (nil))
[2025/12/25 14:12:30:2433] N: render: line 0
[2025/12/25 14:12:30:2434] N: render: line 0
[2025/12/25 14:12:30:2436] N: render: line 0
[2025/12/25 14:12:30:2437] N: render: line 0
[2025/12/25 14:12:30:2444] N: render: line 0
[2025/12/25 14:12:30:2447] W: dloss_rx: returning to await retry
[2025/12/25 14:12:30:2447] N: render: line 0
[2025/12/25 14:12:30:2450] N: lws_dlo_ss_create: entry
[2025/12/25 14:12:30:2450] N: lws_dlo_ss_create: rebased_url -> file:///app/minimal-examples-lowlevel/api-tests/api-test-lhp-dlo/vectors/lobsters-1/assets/tom-select-9d6bcb6b.css
[2025/12/25 14:12:30:2450] N: lws_dlo_ss_create: starting file:///app/minimal-examples-lowlevel/api-tests/api-test-lhp-dlo/vectors/lobsters-1/assets/tom-select-9d6bcb6b.css (dlo (nil))
[2025/12/25 14:12:30:2453] N: render: line 0
[2025/12/25 14:12:30:2454] W: dloss_rx: returning to await retry
[2025/12/25 14:12:30:2454] N: render: line 0
[2025/12/25 14:12:30:2465] E: RESOLVE: '--color-bg'
[2025/12/25 14:12:30:2466] E: RESOLVE: '--color-fg'
[2025/12/25 14:12:30:2466] E: RESOLVE: '--color-bg'
[2025/12/25 14:12:30:2466] E: RESOLVE: '--color-fg'
[2025/12/25 14:12:30:2467] E: RESOLVE: '--color-box-bg-shaded'
[2025/12/25 14:12:30:2467] E: RESOLVE: '--color-fg-contrast-6'
[2025/12/25 14:12:30:2467] E: RESOLVE: '--color-bg'
[2025/12/25 14:12:30:2468] E: RESOLVE: '--color-fg'
[2025/12/25 14:12:30:2468] E: RESOLVE: '--color-box-bg-shaded'
[2025/12/25 14:12:30:2468] E: RESOLVE: '--color-fg-contrast-6'
[2025/12/25 14:12:30:2468] E: RESOLVE: '--color-box-bg-shaded'
[2025/12/25 14:12:30:2468] E: RESOLVE: '--color-fg-link'
[2025/12/25 14:12:30:2469] E: RESOLVE: '--color-bg'
[2025/12/25 14:12:30:2469] E: RESOLVE: '--color-fg'
[2025/12/25 14:12:30:2470] E: RESOLVE: '--color-box-bg-shaded'
[2025/12/25 14:12:30:2470] E: RESOLVE: '--color-fg-contrast-6'
[2025/12/25 14:12:30:2470] E: RESOLVE: '--color-bg'
[2025/12/25 14:12:30:2470] E: RESOLVE: '--color-fg'
[2025/12/25 14:12:30:2471] E: RESOLVE: '--color-box-bg-shaded'
[2025/12/25 14:12:30:2471] E: RESOLVE: '--color-fg-contrast-6'
[2025/12/25 14:12:30:2471] E: RESOLVE: '--color-box-bg-shaded'
[2025/12/25 14:12:30:2472] E: RESOLVE: '--color-bg'
[2025/12/25 14:12:30:2472] E: RESOLVE: '--color-fg'
[2025/12/25 14:12:30:2473] E: RESOLVE: '--color-box-bg-shaded'
[2025/12/25 14:12:30:2473] E: RESOLVE: '--color-fg-contrast-6'
[2025/12/25 14:12:30:2473] E: RESOLVE: '--color-box-bg-shaded'
[2025/12/25 14:12:30:2474] E: RESOLVE: '--color-box-bg-shaded'
[2025/12/25 14:12:30:2475] E: RESOLVE: '--color-bg'
[2025/12/25 14:12:30:2475] E: RESOLVE: '--color-fg'
[2025/12/25 14:12:30:2475] E: RESOLVE: '--color-box-bg-shaded'
[2025/12/25 14:12:30:2475] E: RESOLVE: '--color-fg-contrast-6'
[2025/12/25 14:12:30:2476] E: RESOLVE: '--color-box-bg-shaded'
[2025/12/25 14:12:30:2476] E: RESOLVE: '--color-box-bg-shaded'
[2025/12/25 14:12:30:2477] E: RESOLVE: '--color-box-bg-shaded'
[2025/12/25 14:12:30:2477] E: RESOLVE: '--color-fg-link'
[2025/12/25 14:12:30:2477] E: RESOLVE: '--color-bg'
[2025/12/25 14:12:30:2478] E: RESOLVE: '--color-fg'
[2025/12/25 14:12:30:2478] E: RESOLVE: '--color-box-bg-shaded'
[2025/12/25 14:12:30:2478] E: RESOLVE: '--color-fg-contrast-6'
[2025/12/25 14:12:30:2479] E: RESOLVE: '--color-box-bg-shaded'
[2025/12/25 14:12:30:2480] E: RESOLVE: '--color-box-bg-shaded'
[2025/12/25 14:12:30:2480] E: RESOLVE: '--color-box-bg-shaded'
[2025/12/25 14:12:30:2480] E: RESOLVE: '--color-fg-link'
[2025/12/25 14:12:30:2480] E: RESOLVE: '--color-box-bg-shaded'
[2025/12/25 14:12:30:2480] E: RESOLVE: '--color-fg-link'
[2025/12/25 14:12:30:2481] E: RESOLVE: '--color-bg'
[2025/12/25 14:12:30:2481] E: RESOLVE: '--color-fg'
[2025/12/25 14:12:30:2482] E: RESOLVE: '--color-box-bg-shaded'
[2025/12/25 14:12:30:2482] E: RESOLVE: '--color-fg-contrast-6'
[2025/12/25 14:12:30:2482] E: RESOLVE: '--color-box-bg-shaded'
[2025/12/25 14:12:30:2483] E: RESOLVE: '--color-box-bg-shaded'
[2025/12/25 14:12:30:2484] E: RESOLVE: '--color-bg'
[2025/12/25 14:12:30:2484] E: RESOLVE: '--color-fg'
[2025/12/25 14:12:30:2485] E: RESOLVE: '--color-box-bg-shaded'
[2025/12/25 14:12:30:2485] E: RESOLVE: '--color-fg-contrast-6'
[2025/12/25 14:12:30:2485] E: RESOLVE: '--color-box-bg-shaded'
[2025/12/25 14:12:30:2486] E: RESOLVE: '--color-box-bg-shaded'
[2025/12/25 14:12:30:2486] E: RESOLVE: '--color-box-bg-shaded'
[2025/12/25 14:12:30:2486] E: RESOLVE: '--color-fg-link'
[2025/12/25 14:12:30:2487] E: RESOLVE: '--color-bg'
[2025/12/25 14:12:30:2487] E: RESOLVE: '--color-fg'
[2025/12/25 14:12:30:2487] E: RESOLVE: '--color-box-bg-shaded'
[2025/12/25 14:12:30:2487] E: RESOLVE: '--color-fg-contrast-6'
[2025/12/25 14:12:30:2488] E: RESOLVE: '--color-box-bg-shaded'
[2025/12/25 14:12:30:2489] E: RESOLVE: '--color-box-bg-shaded'
[2025/12/25 14:12:30:2489] E: RESOLVE: '--color-box-bg-shaded'
[2025/12/25 14:12:30:2489] E: RESOLVE: '--color-fg-link'
[2025/12/25 14:12:30:2490] E: RESOLVE: '--color-box-bg-shaded'
[2025/12/25 14:12:30:2490] E: RESOLVE: '--color-fg-link'
[2025/12/25 14:12:30:2491] E: RESOLVE: '--color-bg'
[2025/12/25 14:12:30:2491] E: RESOLVE: '--color-fg'
[2025/12/25 14:12:30:2491] E: RESOLVE: '--color-box-bg-shaded'
[2025/12/25 14:12:30:2491] E: RESOLVE: '--color-fg-contrast-6'
[2025/12/25 14:12:30:2492] E: RESOLVE: '--color-box-bg-shaded'
[2025/12/25 14:12:30:2492] E: RESOLVE: '--color-box-bg-shaded'
[2025/12/25 14:12:30:2493] E: RESOLVE: '--color-bg'
[2025/12/25 14:12:30:2493] E: RESOLVE: '--color-fg'
[2025/12/25 14:12:30:2493] E: RESOLVE: '--color-box-bg-shaded'
[2025/12/25 14:12:30:2493] E: RESOLVE: '--color-fg-contrast-6'
[2025/12/25 14:12:30:2494] E: RESOLVE: '--color-box-bg-shaded'
[2025/12/25 14:12:30:2494] E: RESOLVE: '--color-box-bg-shaded'
[2025/12/25 14:12:30:2495] E: RESOLVE: '--color-box-bg-shaded'
[2025/12/25 14:12:30:2495] E: RESOLVE: '--color-fg-link'
[2025/12/25 14:12:30:2496] E: RESOLVE: '--color-bg'
[2025/12/25 14:12:30:2496] E: RESOLVE: '--color-fg'
[2025/12/25 14:12:30:2496] E: RESOLVE: '--color-box-bg-shaded'
[2025/12/25 14:12:30:2496] E: RESOLVE: '--color-fg-contrast-6'
[2025/12/25 14:12:30:2497] E: RESOLVE: '--color-box-bg-shaded'
[2025/12/25 14:12:30:2497] E: RESOLVE: '--color-box-bg-shaded'
[2025/12/25 14:12:30:2497] E: RESOLVE: '--color-box-bg-shaded'
[2025/12/25 14:12:30:2498] E: RESOLVE: '--color-fg-link'
[2025/12/25 14:12:30:2498] E: RESOLVE: '--color-box-bg-shaded'
[2025/12/25 14:12:30:2498] E: RESOLVE: '--color-fg-link'
[2025/12/25 14:12:30:2499] E: RESOLVE: '--color-bg'
[2025/12/25 14:12:30:2499] E: RESOLVE: '--color-fg'
[2025/12/25 14:12:30:2499] E: RESOLVE: '--color-box-bg-shaded'
[2025/12/25 14:12:30:2499] E: RESOLVE: '--color-fg-contrast-6'
[2025/12/25 14:12:30:2500] E: RESOLVE: '--color-box-bg-shaded'
[2025/12/25 14:12:30:2501] E: RESOLVE: '--color-box-bg-shaded'
[2025/12/25 14:12:30:2501] E: RESOLVE: '--color-bg'
[2025/12/25 14:12:30:2501] E: RESOLVE: '--color-fg'
[2025/12/25 14:12:30:2502] E: RESOLVE: '--color-box-bg-shaded'
[2025/12/25 14:12:30:2502] E: RESOLVE: '--color-fg-contrast-6'
[2025/12/25 14:12:30:2502] E: RESOLVE: '--color-box-bg-shaded'
[2025/12/25 14:12:30:2503] E: RESOLVE: '--color-box-bg-shaded'
[2025/12/25 14:12:30:2503] E: RESOLVE: '--color-box-bg-shaded'
[2025/12/25 14:12:30:2503] E: RESOLVE: '--color-fg-link'
[2025/12/25 14:12:30:2504] E: RESOLVE: '--color-bg'
[2025/12/25 14:12:30:2504] E: RESOLVE: '--color-fg'
[2025/12/25 14:12:30:2505] E: RESOLVE: '--color-box-bg-shaded'
[2025/12/25 14:12:30:2505] E: RESOLVE: '--color-fg-contrast-6'
[2025/12/25 14:12:30:2505] E: RESOLVE: '--color-box-bg-shaded'
[2025/12/25 14:12:30:2506] E: RESOLVE: '--color-box-bg-shaded'
[2025/12/25 14:12:30:2506] E: RESOLVE: '--color-box-bg-shaded'
[2025/12/25 14:12:30:2506] E: RESOLVE: '--color-fg-link'
[2025/12/25 14:12:30:2506] E: RESOLVE: '--color-box-bg-shaded'
[2025/12/25 14:12:30:2506] E: RESOLVE: '--color-fg-link'
[2025/12/25 14:12:30:2507] E: RESOLVE: '--color-bg'
[2025/12/25 14:12:30:2507] E: RESOLVE: '--color-fg'
[2025/12/25 14:12:30:2508] E: RESOLVE: '--color-box-bg-shaded'
[2025/12/25 14:12:30:2508] E: RESOLVE: '--color-fg-contrast-6'
[2025/12/25 14:12:30:2508] E: RESOLVE: '--color-box-bg-shaded'
[2025/12/25 14:12:30:2509] E: RESOLVE: '--color-box-bg-shaded'
[2025/12/25 14:12:30:2510] E: RESOLVE: '--color-bg'
[2025/12/25 14:12:30:2510] E: RESOLVE: '--color-fg'
[2025/12/25 14:12:30:2510] E: RESOLVE: '--color-box-bg-shaded'
[2025/12/25 14:12:30:2510] E: RESOLVE: '--color-fg-contrast-6'
[2025/12/25 14:12:30:2511] E: RESOLVE: '--color-box-bg-shaded'
[2025/12/25 14:12:30:2511] E: RESOLVE: '--color-box-bg-shaded'
[2025/12/25 14:12:30:2512] E: RESOLVE: '--color-box-bg-shaded'
[2025/12/25 14:12:30:2512] E: RESOLVE: '--color-fg-link'
[2025/12/25 14:12:30:2513] E: RESOLVE: '--color-bg'
[2025/12/25 14:12:30:2513] E: RESOLVE: '--color-fg'
[2025/12/25 14:12:30:2513] E: RESOLVE: '--color-box-bg-shaded'
[2025/12/25 14:12:30:2513] E: RESOLVE: '--color-fg-contrast-6'
[2025/12/25 14:12:30:2514] E: RESOLVE: '--color-box-bg-shaded'
[2025/12/25 14:12:30:2514] E: RESOLVE: '--color-box-bg-shaded'
[2025/12/25 14:12:30:2515] E: RESOLVE: '--color-box-bg-shaded'
[2025/12/25 14:12:30:2515] E: RESOLVE: '--color-fg-link'
[2025/12/25 14:12:30:2515] E: RESOLVE: '--color-box-bg-shaded'
[2025/12/25 14:12:30:2515] E: RESOLVE: '--color-fg-link'
[2025/12/25 14:12:30:2516] E: RESOLVE: '--color-bg'
[2025/12/25 14:12:30:2516] E: RESOLVE: '--color-fg'
[2025/12/25 14:12:30:2516] E: RESOLVE: '--color-box-bg-shaded'
[2025/12/25 14:12:30:2516] E: RESOLVE: '--color-fg-contrast-6'
[2025/12/25 14:12:30:2517] E: RESOLVE: '--color-box-bg-shaded'
[2025/12/25 14:12:30:2518] E: RESOLVE: '--color-box-bg-shaded'
[2025/12/25 14:12:30:2519] E: RESOLVE: '--color-bg'
[2025/12/25 14:12:30:2519] E: RESOLVE: '--color-fg'
[2025/12/25 14:12:30:2519] E: RESOLVE: '--color-box-bg-shaded'
[2025/12/25 14:12:30:2519] E: RESOLVE: '--color-fg-contrast-6'
[2025/12/25 14:12:30:2520] E: RESOLVE: '--color-box-bg-shaded'
[2025/12/25 14:12:30:2520] E: RESOLVE: '--color-bg'
[2025/12/25 14:12:30:2520] E: RESOLVE: '--color-fg'
[2025/12/25 14:12:30:2521] E: RESOLVE: '--color-box-bg-shaded'
[2025/12/25 14:12:30:2521] E: RESOLVE: '--color-fg-contrast-6'
[2025/12/25 14:12:30:2521] E: RESOLVE: '--color-bg'
[2025/12/25 14:12:30:2521] E: RESOLVE: '--color-fg'
[2025/12/25 14:12:30:2522] E: RESOLVE: '--color-box-bg-shaded'
[2025/12/25 14:12:30:2522] E: RESOLVE: '--color-fg-contrast-6'
[2025/12/25 14:12:30:2522] E: RESOLVE: '--color-box-bg-shaded'
[2025/12/25 14:12:30:2522] E: RESOLVE: '--color-fg-contrast-6'
[2025/12/25 14:12:30:2523] E: RESOLVE: '--color-bg'
[2025/12/25 14:12:30:2524] E: RESOLVE: '--color-fg'
[2025/12/25 14:12:30:2524] E: RESOLVE: '--color-box-bg-shaded'
[2025/12/25 14:12:30:2524] E: RESOLVE: '--color-fg-contrast-6'
[2025/12/25 14:12:30:2524] E: RESOLVE: '--color-box-bg-shaded'
[2025/12/25 14:12:30:2524] E: RESOLVE: '--color-fg-contrast-6'
[2025/12/25 14:12:30:2525] E: RESOLVE: '--color-box-bg-shaded'
[2025/12/25 14:12:30:2525] E: RESOLVE: '--color-fg-link'
[2025/12/25 14:12:30:2526] E: RESOLVE: '--color-bg'
[2025/12/25 14:12:30:2526] E: RESOLVE: '--color-fg'
[2025/12/25 14:12:30:2526] E: RESOLVE: '--color-box-bg-shaded'
[2025/12/25 14:12:30:2526] E: RESOLVE: '--color-fg-contrast-6'
[2025/12/25 14:12:30:2526] E: RESOLVE: '--color-box-bg-shaded'
[2025/12/25 14:12:30:2526] E: RESOLVE: '--color-fg-contrast-6'
[2025/12/25 14:12:30:2527] E: RESOLVE: '--color-box-bg-shaded'
[2025/12/25 14:12:30:2527] E: RESOLVE: '--color-fg-link'
[2025/12/25 14:12:30:2527] E: RESOLVE: '--color-box-bg-shaded'
[2025/12/25 14:12:30:2527] E: RESOLVE: '--color-fg-link'
[2025/12/25 14:12:30:2528] E: RESOLVE: '--color-bg'
[2025/12/25 14:12:30:2528] E: RESOLVE: '--color-fg'
[2025/12/25 14:12:30:2528] E: RESOLVE: '--color-box-bg-shaded'
[2025/12/25 14:12:30:2528] E: RESOLVE: '--color-fg-contrast-6'
[2025/12/25 14:12:30:2529] E: RESOLVE: '--color-box-bg-shaded'
[2025/12/25 14:12:30:2529] E: RESOLVE: '--color-fg-contrast-6'
[2025/12/25 14:12:30:2530] E: RESOLVE: '--color-bg'
[2025/12/25 14:12:30:2530] E: RESOLVE: '--color-fg'
[2025/12/25 14:12:30:2530] E: RESOLVE: '--color-box-bg-shaded'
[2025/12/25 14:12:30:2530] E: RESOLVE: '--color-fg-contrast-6'
[2025/12/25 14:12:30:2531] E: RESOLVE: '--color-bg'
[2025/12/25 14:12:30:2531] E: RESOLVE: '--color-fg'
[2025/12/25 14:12:30:2531] E: RESOLVE: '--color-bg'
[2025/12/25 14:12:30:2531] E: RESOLVE: '--color-fg'
[2025/12/25 14:12:30:2532] E: RESOLVE: '--color-bg'
[2025/12/25 14:12:30:2533] E: RESOLVE: '--color-bg'
[2025/12/25 14:12:30:2533] E: RESOLVE: '--color-fg'
[2025/12/25 14:12:30:2533] E: RESOLVE: '--color-bg'
[2025/12/25 14:12:30:2534] E: RESOLVE: '--color-bg'
[2025/12/25 14:12:30:2534] E: RESOLVE: '--color-bg'
[2025/12/25 14:12:30:2535] E: RESOLVE: '--color-fg'
[2025/12/25 14:12:30:2535] E: RESOLVE: '--color-bg'
[2025/12/25 14:12:30:2535] E: RESOLVE: '--color-bg'
[2025/12/25 14:12:30:2536] E: RESOLVE: '--color-bg'
[2025/12/25 14:12:30:2537] E: RESOLVE: '--color-bg'
[2025/12/25 14:12:30:2537] E: RESOLVE: '--color-fg'
[2025/12/25 14:12:30:2537] E: RESOLVE: '--color-bg'
[2025/12/25 14:12:30:2538] E: RESOLVE: '--color-bg'
[2025/12/25 14:12:30:2539] E: RESOLVE: '--color-bg'
[2025/12/25 14:12:30:2540] E: RESOLVE: '--color-bg'
[2025/12/25 14:12:30:2541] E: RESOLVE: '--color-bg'
[2025/12/25 14:12:30:2541] E: RESOLVE: '--color-fg'
[2025/12/25 14:12:30:2541] E: RESOLVE: '--color-bg'
[2025/12/25 14:12:30:2542] E: RESOLVE: '--color-bg'
[2025/12/25 14:12:30:2542] E: RESOLVE: '--color-bg'
[2025/12/25 14:12:30:2543] E: RESOLVE: '--color-bg'
[2025/12/25 14:12:30:2544] E: RESOLVE: '--color-bg'
[2025/12/25 14:12:30:2545] E: RESOLVE: '--color-bg'
[2025/12/25 14:12:30:2545] E: RESOLVE: '--color-fg'
[2025/12/25 14:12:30:2546] E: RESOLVE: '--color-bg'
[2025/12/25 14:12:30:2546] E: RESOLVE: '--color-bg'
[2025/12/25 14:12:30:2547] E: RESOLVE: '--color-bg'
[2025/12/25 14:12:30:2548] E: RESOLVE: '--color-bg'
[2025/12/25 14:12:30:2549] E: RESOLVE: '--color-bg'
[2025/12/25 14:12:30:2550] E: RESOLVE: '--color-bg'
[2025/12/25 14:12:30:2550] E: RESOLVE: '--color-fg-contrast-4-5'
[2025/12/25 14:12:30:2550] N: we couldn't fit anything in there, newline
[2025/12/25 14:12:30:2551] E: RESOLVE: '--color-bg'
[2025/12/25 14:12:30:2551] E: RESOLVE: '--color-fg'
[2025/12/25 14:12:30:2551] E: RESOLVE: '--color-bg'
[2025/12/25 14:12:30:2552] E: RESOLVE: '--color-bg'
[2025/12/25 14:12:30:2552] E: RESOLVE: '--color-bg'
[2025/12/25 14:12:30:2553] E: RESOLVE: '--color-bg'
[2025/12/25 14:12:30:2554] E: RESOLVE: '--color-bg'
[2025/12/25 14:12:30:2555] E: RESOLVE: '--color-bg'
[2025/12/25 14:12:30:2555] E: RESOLVE: '--color-fg-contrast-4-5'
[2025/12/25 14:12:30:2555] E: RESOLVE: '--color-bg'
[2025/12/25 14:12:30:2555] E: RESOLVE: '--color-fg-contrast-4-5'
[2025/12/25 14:12:30:2556] E: RESOLVE: '--color-bg'
[2025/12/25 14:12:30:2557] E: RESOLVE: '--color-fg'
[2025/12/25 14:12:30:2557] E: RESOLVE: '--color-bg'
[2025/12/25 14:12:30:2557] E: RESOLVE: '--color-bg'
[2025/12/25 14:12:30:2558] E: RESOLVE: '--color-bg'
[2025/12/25 14:12:30:2559] E: RESOLVE: '--color-bg'
[2025/12/25 14:12:30:2560] E: RESOLVE: '--color-bg'
[2025/12/25 14:12:30:2561] E: RESOLVE: '--color-bg'
[2025/12/25 14:12:30:2561] E: RESOLVE: '--color-fg'
[2025/12/25 14:12:30:2561] E: RESOLVE: '--color-bg'
[2025/12/25 14:12:30:2562] E: RESOLVE: '--color-bg'
[2025/12/25 14:12:30:2563] E: RESOLVE: '--color-bg'
[2025/12/25 14:12:30:2564] E: RESOLVE: '--color-bg'
[2025/12/25 14:12:30:2565] E: RESOLVE: '--color-bg'
[2025/12/25 14:12:30:2565] E: RESOLVE: '--color-fg'
[2025/12/25 14:12:30:2565] E: RESOLVE: '--color-bg'
[2025/12/25 14:12:30:2566] E: RESOLVE: '--color-bg'
[2025/12/25 14:12:30:2567] E: RESOLVE: '--color-bg'
[2025/12/25 14:12:30:2567] E: RESOLVE: '--color-bg'
[2025/12/25 14:12:30:2568] E: RESOLVE: '--color-bg'
[2025/12/25 14:12:30:2570] E: RESOLVE: '--color-bg'
[2025/12/25 14:12:30:2570] E: RESOLVE: '--color-fg'
[2025/12/25 14:12:30:2570] E: RESOLVE: '--color-bg'
[2025/12/25 14:12:30:2571] E: RESOLVE: '--color-bg'
[2025/12/25 14:12:30:2571] E: RESOLVE: '--color-bg'
[2025/12/25 14:12:30:2572] E: RESOLVE: '--color-bg'
[2025/12/25 14:12:30:2573] E: RESOLVE: '--color-bg'
[2025/12/25 14:12:30:2574] E: RESOLVE: '--color-bg'
[2025/12/25 14:12:30:2575] E: RESOLVE: '--color-bg'
[2025/12/25 14:12:30:2575] E: RESOLVE: '--color-fg'
[2025/12/25 14:12:30:2575] E: RESOLVE: '--color-bg'
[2025/12/25 14:12:30:2576] E: RESOLVE: '--color-bg'
[2025/12/25 14:12:30:2576] E: RESOLVE: '--color-bg'
[2025/12/25 14:12:30:2577] E: RESOLVE: '--color-bg'
[2025/12/25 14:12:30:2578] E: RESOLVE: '--color-bg'
[2025/12/25 14:12:30:2579] E: RESOLVE: '--color-bg'
[2025/12/25 14:12:30:2580] E: RESOLVE: '--color-bg'
[2025/12/25 14:12:30:2580] E: RESOLVE: '--color-fg-link'
[2025/12/25 14:12:30:2581] E: RESOLVE: '--color-bg'
[2025/12/25 14:12:30:2581] E: RESOLVE: '--color-fg'
[2025/12/25 14:12:30:2581] E: RESOLVE: '--color-bg'
[2025/12/25 14:12:30:2582] E: RESOLVE: '--color-bg'
[2025/12/25 14:12:30:2582] E: RESOLVE: '--color-bg'
[2025/12/25 14:12:30:2583] E: RESOLVE: '--color-bg'
[2025/12/25 14:12:30:2584] E: RESOLVE: '--color-bg'
[2025/12/25 14:12:30:2585] E: RESOLVE: '--color-bg'
[2025/12/25 14:12:30:2586] E: RESOLVE: '--color-bg'
[2025/12/25 14:12:30:2586] E: RESOLVE: '--color-fg-link'
[2025/12/25 14:12:30:2586] E: RESOLVE: '--color-bg'
[2025/12/25 14:12:30:2586] E: RESOLVE: '--color-fg-link'
[2025/12/25 14:12:30:2587] E: RESOLVE: '--color-bg'
[2025/12/25 14:12:30:2587] E: RESOLVE: '--color-fg'
[2025/12/25 14:12:30:2588] E: RESOLVE: '--color-bg'
[2025/12/25 14:12:30:2588] E: RESOLVE: '--color-bg'
[2025/12/25 14:12:30:2589] E: RESOLVE: '--color-bg'
[2025/12/25 14:12:30:2590] E: RESOLVE: '--color-bg'
[2025/12/25 14:12:30:2591] E: RESOLVE: '--color-bg'
[2025/12/25 14:12:30:2592] E: RESOLVE: '--color-bg'
[2025/12/25 14:12:30:2593] E: RESOLVE: '--color-bg'
[2025/12/25 14:12:30:2593] E: RESOLVE: '--color-fg'
[2025/12/25 14:12:30:2593] E: RESOLVE: '--color-bg'
[2025/12/25 14:12:30:2594] E: RESOLVE: '--color-bg'
[2025/12/25 14:12:30:2594] E: RESOLVE: '--color-bg'
[2025/12/25 14:12:30:2595] E: RESOLVE: '--color-bg'
[2025/12/25 14:12:30:2596] E: RESOLVE: '--color-bg'
[2025/12/25 14:12:30:2597] E: RESOLVE: '--color-bg'
[2025/12/25 14:12:30:2597] E: RESOLVE: '--color-fg'
[2025/12/25 14:12:30:2597] E: RESOLVE: '--color-bg'
[2025/12/25 14:12:30:2598] E: RESOLVE: '--color-bg'
[2025/12/25 14:12:30:2598] E: RESOLVE: '--color-bg'
[2025/12/25 14:12:30:2599] E: RESOLVE: '--color-bg'
[2025/12/25 14:12:30:2600] E: RESOLVE: '--color-bg'
[2025/12/25 14:12:30:2601] E: RESOLVE: '--color-bg'
[2025/12/25 14:12:30:2602] E: RESOLVE: '--color-bg'
[2025/12/25 14:12:30:2602] E: RESOLVE: '--color-fg'
[2025/12/25 14:12:30:2602] E: RESOLVE: '--color-bg'
[2025/12/25 14:12:30:2603] E: RESOLVE: '--color-bg'
[2025/12/25 14:12:30:2604] E: RESOLVE: '--color-bg'
[2025/12/25 14:12:30:2605] E: RESOLVE: '--color-bg'
[2025/12/25 14:12:30:2606] E: RESOLVE: '--color-bg'
[2025/12/25 14:12:30:2606] E: RESOLVE: '--color-bg'
[2025/12/25 14:12:30:2607] E: RESOLVE: '--color-tag-bg'
[2025/12/25 14:12:30:2607] E: RESOLVE: '--color-fg-contrast-10'
[2025/12/25 14:12:30:2608] E: RESOLVE: '--color-bg'
[2025/12/25 14:12:30:2608] E: RESOLVE: '--color-fg'
[2025/12/25 14:12:30:2609] E: RESOLVE: '--color-bg'
[2025/12/25 14:12:30:2610] E: RESOLVE: '--color-bg'
[2025/12/25 14:12:30:2610] E: RESOLVE: '--color-bg'
[2025/12/25 14:12:30:2611] E: RESOLVE: '--color-bg'
[2025/12/25 14:12:30:2612] E: RESOLVE: '--color-bg'
[2025/12/25 14:12:30:2613] E: RESOLVE: '--color-bg'
[2025/12/25 14:12:30:2613] E: RESOLVE: '--color-tag-bg'
[2025/12/25 14:12:30:2613] E: RESOLVE: '--color-fg-contrast-10'
[2025/12/25 14:12:30:2614] E: RESOLVE: '--color-tag-bg'
[2025/12/25 14:12:30:2614] E: RESOLVE: '--color-fg-contrast-10'
[2025/12/25 14:12:30:2615] E: RESOLVE: '--color-bg'
[2025/12/25 14:12:30:2615] E: RESOLVE: '--color-fg'
[2025/12/25 14:12:30:2615] E: RESOLVE: '--color-bg'
[2025/12/25 14:12:30:2616] E: RESOLVE: '--color-bg'
[2025/12/25 14:12:30:2617] E: RESOLVE: '--color-bg'
[2025/12/25 14:12:30:2618] E: RESOLVE: '--color-bg'
[2025/12/25 14:12:30:2618] E: RESOLVE: '--color-bg'
[2025/12/25 14:12:30:2619] E: RESOLVE: '--color-bg'
[2025/12/25 14:12:30:2620] E: RESOLVE: '--color-bg'
[2025/12/25 14:12:30:2620] E: RESOLVE: '--color-fg'
[2025/12/25 14:12:30:2620] E: RESOLVE: '--color-bg'
[2025/12/25 14:12:30:2621] E: RESOLVE: '--color-bg'
[2025/12/25 14:12:30:2622] E: RESOLVE: '--color-bg'
[2025/12/25 14:12:30:2623] E: RESOLVE: '--color-bg'
[2025/12/25 14:12:30:2623] E: RESOLVE: '--color-bg'
[2025/12/25 14:12:30:2624] E: RESOLVE: '--color-bg'
[2025/12/25 14:12:30:2625] E: RESOLVE: '--color-tag-bg'
[2025/12/25 14:12:30:2625] E: RESOLVE: '--color-fg-contrast-10'
[2025/12/25 14:12:30:2626] E: RESOLVE: '--color-bg'
[2025/12/25 14:12:30:2626] E: RESOLVE: '--color-fg'
[2025/12/25 14:12:30:2626] E: RESOLVE: '--color-bg'
[2025/12/25 14:12:30:2627] E: RESOLVE: '--color-bg'
[2025/12/25 14:12:30:2628] E: RESOLVE: '--color-bg'
[2025/12/25 14:12:30:2629] E: RESOLVE: '--color-bg'
[2025/12/25 14:12:30:2629] E: RESOLVE: '--color-bg'
[2025/12/25 14:12:30:2630] E: RESOLVE: '--color-bg'
[2025/12/25 14:12:30:2631] E: RESOLVE: '--color-tag-bg'
[2025/12/25 14:12:30:2631] E: RESOLVE: '--color-fg-contrast-10'
[2025/12/25 14:12:30:2631] E: RESOLVE: '--color-tag-bg'
[2025/12/25 14:12:30:2631] E: RESOLVE: '--color-fg-contrast-10'
[2025/12/25 14:12:30:2633] E: RESOLVE: '--color-bg'
[2025/12/25 14:12:30:2633] E: RESOLVE: '--color-fg'
[2025/12/25 14:12:30:2633] E: RESOLVE: '--color-bg'
[2025/12/25 14:12:30:2634] E: RESOLVE: '--color-bg'
[2025/12/25 14:12:30:2634] E: RESOLVE: '--color-bg'
[2025/12/25 14:12:30:2635] E: RESOLVE: '--color-bg'
[2025/12/25 14:12:30:2636] E: RESOLVE: '--color-bg'
[2025/12/25 14:12:30:2636] E: RESOLVE: '--color-bg'
[2025/12/25 14:12:30:2637] E: RESOLVE: '--color-bg'
[2025/12/25 14:12:30:2637] E: RESOLVE: '--color-fg'
[2025/12/25 14:12:30:2638] E: RESOLVE: '--color-bg'
[2025/12/25 14:12:30:2638] E: RESOLVE: '--color-bg'
[2025/12/25 14:12:30:2639] E: RESOLVE: '--color-bg'
[2025/12/25 14:12:30:2640] E: RESOLVE: '--color-bg'
[2025/12/25 14:12:30:2641] E: RESOLVE: '--color-bg'
[2025/12/25 14:12:30:2642] E: RESOLVE: '--color-bg'
[2025/12/25 14:12:30:2642] E: RESOLVE: '--color-fg'
[2025/12/25 14:12:30:2642] E: RESOLVE: '--color-bg'
[2025/12/25 14:12:30:2643] E: RESOLVE: '--color-bg'
[2025/12/25 14:12:30:2644] E: RESOLVE: '--color-bg'
[2025/12/25 14:12:30:2645] E: RESOLVE: '--color-bg'
[2025/12/25 14:12:30:2646] E: RESOLVE: '--color-bg'
[2025/12/25 14:12:30:2646] E: RESOLVE: '--color-bg'
[2025/12/25 14:12:30:2646] E: RESOLVE: '--color-fg-link'
[2025/12/25 14:12:30:2647] E: RESOLVE: '--color-bg'
[2025/12/25 14:12:30:2648] E: RESOLVE: '--color-fg'
[2025/12/25 14:12:30:2648] E: RESOLVE: '--color-bg'
[2025/12/25 14:12:30:2649] E: RESOLVE: '--color-bg'
[2025/12/25 14:12:30:2649] E: RESOLVE: '--color-bg'
[2025/12/25 14:12:30:2650] E: RESOLVE: '--color-bg'
[2025/12/25 14:12:30:2651] E: RESOLVE: '--color-bg'
[2025/12/25 14:12:30:2652] E: RESOLVE: '--color-bg'
[2025/12/25 14:12:30:2652] E: RESOLVE: '--color-fg-link'
[2025/12/25 14:12:30:2652] E: RESOLVE: '--color-bg'
[2025/12/25 14:12:30:2652] E: RESOLVE: '--color-fg-link'
[2025/12/25 14:12:30:2653] E: RESOLVE: '--color-bg'
[2025/12/25 14:12:30:2653] E: RESOLVE: '--color-fg'
[2025/12/25 14:12:30:2654] E: RESOLVE: '--color-bg'
[2025/12/25 14:12:30:2654] E: RESOLVE: '--color-bg'
[2025/12/25 14:12:30:2655] E: RESOLVE: '--color-bg'
[2025/12/25 14:12:30:2656] E: RESOLVE: '--color-bg'
[2025/12/25 14:12:30:2656] E: RESOLVE: '--color-bg'
[2025/12/25 14:12:30:2657] E: RESOLVE: '--color-bg'
[2025/12/25 14:12:30:2657] E: RESOLVE: '--color-fg'
[2025/12/25 14:12:30:2658] E: RESOLVE: '--color-bg'
[2025/12/25 14:12:30:2658] E: RESOLVE: '--color-bg'
[2025/12/25 14:12:30:2659] E: RESOLVE: '--color-bg'
[2025/12/25 14:12:30:2660] E: RESOLVE: '--color-bg'
[2025/12/25 14:12:30:2661] E: RESOLVE: '--color-bg'
[2025/12/25 14:12:30:2662] E: RESOLVE: '--color-bg'
[2025/12/25 14:12:30:2663] E: RESOLVE: '--color-bg'
[2025/12/25 14:12:30:2663] E: RESOLVE: '--color-fg'
[2025/12/25 14:12:30:2663] E: RESOLVE: '--color-bg'
[2025/12/25 14:12:30:2664] E: RESOLVE: '--color-bg'
[2025/12/25 14:12:30:2664] E: RESOLVE: '--color-bg'
[2025/12/25 14:12:30:2665] E: RESOLVE: '--color-bg'
[2025/12/25 14:12:30:2666] E: RESOLVE: '--color-bg'
[2025/12/25 14:12:30:2667] E: RESOLVE: '--color-bg'
[2025/12/25 14:12:30:2667] E: RESOLVE: '--color-bg'
[2025/12/25 14:12:30:2667] E: RESOLVE: '--color-fg-link'
[2025/12/25 14:12:30:2669] E: RESOLVE: '--color-bg'
[2025/12/25 14:12:30:2669] E: RESOLVE: '--color-fg'
[2025/12/25 14:12:30:2669] E: RESOLVE: '--color-bg'
[2025/12/25 14:12:30:2670] E: RESOLVE: '--color-bg'
[2025/12/25 14:12:30:2670] E: RESOLVE: '--color-bg'
[2025/12/25 14:12:30:2671] E: RESOLVE: '--color-bg'
[2025/12/25 14:12:30:2672] E: RESOLVE: '--color-bg'
[2025/12/25 14:12:30:2673] E: RESOLVE: '--color-bg'
[2025/12/25 14:12:30:2673] E: RESOLVE: '--color-bg'
[2025/12/25 14:12:30:2674] E: RESOLVE: '--color-fg-link'
[2025/12/25 14:12:30:2674] E: RESOLVE: '--color-bg'
[2025/12/25 14:12:30:2674] E: RESOLVE: '--color-fg-link'
[2025/12/25 14:12:30:2675] N: lws_dlo_ss_create: entry
[2025/12/25 14:12:30:2675] N: lws_dlo_ss_create: rebased_url -> file:///app/minimal-examples-lowlevel/api-tests/api-test-lhp-dlo/vectors/lobsters-1/avatars/simonw-16.png
[2025/12/25 14:12:30:2675] N: lws_dlo_ss_create: starting file:///app/minimal-examples-lowlevel/api-tests/api-test-lhp-dlo/vectors/lobsters-1/avatars/simonw-16.png (dlo 0x560c2c49e530)
[2025/12/25 14:12:30:2676] E: RESOLVE: '--color-bg'
[2025/12/25 14:12:30:2676] E: RESOLVE: '--color-fg'
[2025/12/25 14:12:30:2676] E: RESOLVE: '--color-bg'
[2025/12/25 14:12:30:2677] E: RESOLVE: '--color-bg'
[2025/12/25 14:12:30:2677] E: RESOLVE: '--color-bg'
[2025/12/25 14:12:30:2679] E: RESOLVE: '--color-bg'
[2025/12/25 14:12:30:2679] E: RESOLVE: '--color-bg'
[2025/12/25 14:12:30:2680] E: RESOLVE: '--color-bg'
[2025/12/25 14:12:30:2681] E: RESOLVE: '--color-bg'
[2025/12/25 14:12:30:2681] E: RESOLVE: '--color-fg-link'
[2025/12/25 14:12:30:2682] E: RESOLVE: '--color-bg'
[2025/12/25 14:12:30:2682] E: RESOLVE: '--color-fg'
[2025/12/25 14:12:30:2682] E: RESOLVE: '--color-bg'
[2025/12/25 14:12:30:2683] E: RESOLVE: '--color-bg'
[2025/12/25 14:12:30:2684] E: RESOLVE: '--color-bg'
[2025/12/25 14:12:30:2685] E: RESOLVE: '--color-bg'
[2025/12/25 14:12:30:2686] E: RESOLVE: '--color-bg'
[2025/12/25 14:12:30:2686] E: RESOLVE: '--color-bg'
[2025/12/25 14:12:30:2687] E: RESOLVE: '--color-bg'
[2025/12/25 14:12:30:2687] E: RESOLVE: '--color-fg'
[2025/12/25 14:12:30:2688] E: RESOLVE: '--color-bg'
[2025/12/25 14:12:30:2688] E: RESOLVE: '--color-bg'
[2025/12/25 14:12:30:2689] E: RESOLVE: '--color-bg'
[2025/12/25 14:12:30:2690] E: RESOLVE: '--color-bg'
[2025/12/25 14:12:30:2691] E: RESOLVE: '--color-bg'
[2025/12/25 14:12:30:2692] E: RESOLVE: '--color-bg'
[2025/12/25 14:12:30:2692] E: RESOLVE: '--color-bg'
[2025/12/25 14:12:30:2693] E: RESOLVE: '--color-bg'
[2025/12/25 14:12:30:2693] E: RESOLVE: '--color-fg'
[2025/12/25 14:12:30:2694] E: RESOLVE: '--color-bg'
[2025/12/25 14:12:30:2694] E: RESOLVE: '--color-bg'
[2025/12/25 14:12:30:2695] E: RESOLVE: '--color-bg'
[2025/12/25 14:12:30:2696] E: RESOLVE: '--color-bg'
[2025/12/25 14:12:30:2697] E: RESOLVE: '--color-bg'
[2025/12/25 14:12:30:2698] E: RESOLVE: '--color-bg'
[2025/12/25 14:12:30:2698] E: RESOLVE: '--color-bg'
[2025/12/25 14:12:30:2699] E: RESOLVE: '--color-bg'
[2025/12/25 14:12:30:2700] E: RESOLVE: '--color-bg'
[2025/12/25 14:12:30:2700] E: RESOLVE: '--color-fg'
[2025/12/25 14:12:30:2700] E: RESOLVE: '--color-bg'
[2025/12/25 14:12:30:2701] E: RESOLVE: '--color-bg'
[2025/12/25 14:12:30:2702] E: RESOLVE: '--color-bg'
[2025/12/25 14:12:30:2703] E: RESOLVE: '--color-bg'
[2025/12/25 14:12:30:2703] E: RESOLVE: '--color-bg'
[2025/12/25 14:12:30:2704] E: RESOLVE: '--color-bg'
[2025/12/25 14:12:30:2705] E: RESOLVE: '--color-bg'
[2025/12/25 14:12:30:2705] E: RESOLVE: '--color-fg'
[2025/12/25 14:12:30:2706] E: RESOLVE: '--color-bg'
[2025/12/25 14:12:30:2706] E: RESOLVE: '--color-bg'
[2025/12/25 14:12:30:2707] E: RESOLVE: '--color-bg'
[2025/12/25 14:12:30:2708] E: RESOLVE: '--color-bg'
[2025/12/25 14:12:30:2709] E: RESOLVE: '--color-bg'
[2025/12/25 14:12:30:2710] E: RESOLVE: '--color-bg'
[2025/12/25 14:12:30:2711] E: RESOLVE: '--color-bg'
[2025/12/25 14:12:30:2711] E: RESOLVE: '--color-fg-author'
[2025/12/25 14:12:30:2712] E: RESOLVE: '--color-bg'
[2025/12/25 14:12:30:2712] E: RESOLVE: '--color-fg'
[2025/12/25 14:12:30:2712] E: RESOLVE: '--color-bg'
[2025/12/25 14:12:30:2713] E: RESOLVE: '--color-bg'
[2025/12/25 14:12:30:2713] E: RESOLVE: '--color-bg'
[2025/12/25 14:12:30:2714] E: RESOLVE: '--color-bg'
[2025/12/25 14:12:30:2715] E: RESOLVE: '--color-bg'
[2025/12/25 14:12:30:2716] E: RESOLVE: '--color-bg'
[2025/12/25 14:12:30:2717] E: RESOLVE: '--color-bg'
[2025/12/25 14:12:30:2717] E: RESOLVE: '--color-fg-author'
[2025/12/25 14:12:30:2718] E: RESOLVE: '--color-bg'
[2025/12/25 14:12:30:2718] E: RESOLVE: '--color-fg-author'
[2025/12/25 14:12:30:2719] E: RESOLVE: '--color-bg'
[2025/12/25 14:12:30:2719] E: RESOLVE: '--color-fg'
[2025/12/25 14:12:30:2719] E: RESOLVE: '--color-bg'
[2025/12/25 14:12:30:2720] E: RESOLVE: '--color-bg'
[2025/12/25 14:12:30:2721] E: RESOLVE: '--color-bg'
[2025/12/25 14:12:30:2721] E: RESOLVE: '--color-bg'
[2025/12/25 14:12:30:2722] E: RESOLVE: '--color-bg'
[2025/12/25 14:12:30:2723] E: RESOLVE: '--color-bg'
[2025/12/25 14:12:30:2724] E: RESOLVE: '--color-bg'
[2025/12/25 14:12:30:2725] E: RESOLVE: '--color-fg'
[2025/12/25 14:12:30:2725] E: RESOLVE: '--color-bg'
[2025/12/25 14:12:30:2725] E: RESOLVE: '--color-bg'
[2025/12/25 14:12:30:2726] E: RESOLVE: '--color-bg'
[2025/12/25 14:12:30:2727] E: RESOLVE: '--color-bg'
[2025/12/25 14:12:30:2728] E: RESOLVE: '--color-bg'
[2025/12/25 14:12:30:2729] E: RESOLVE: '--color-bg'
[2025/12/25 14:12:30:2729] E: RESOLVE: '--color-bg'
[2025/12/25 14:12:30:2730] E: RESOLVE: '--color-bg'
[2025/12/25 14:12:30:2731] E: RESOLVE: '--color-fg'
[2025/12/25 14:12:30:2731] E: RESOLVE: '--color-bg'
[2025/12/25 14:12:30:2731] E: RESOLVE: '--color-bg'
[2025/12/25 14:12:30:2732] E: RESOLVE: '--color-bg'
[2025/12/25 14:12:30:2733] E: RESOLVE: '--color-bg'
[2025/12/25 14:12:30:2734] E: RESOLVE: '--color-bg'
[2025/12/25 14:12:30:2734] E: RESOLVE: '--color-bg'
[2025/12/25 14:12:30:2735] E: RESOLVE: '--color-bg'
[2025/12/25 14:12:30:2736] E: RESOLVE: '--color-bg'
[2025/12/25 14:12:30:2737] E: RESOLVE: '--color-bg'
[2025/12/25 14:12:30:2737] E: RESOLVE: '--color-fg'
[2025/12/25 14:12:30:2737] E: RESOLVE: '--color-bg'
[2025/12/25 14:12:30:2738] E: RESOLVE: '--color-bg'
[2025/12/25 14:12:30:2738] E: RESOLVE: '--color-bg'
[2025/12/25 14:12:30:2739] E: RESOLVE: '--color-bg'
[2025/12/25 14:12:30:2740] E: RESOLVE: '--color-bg'
[2025/12/25 14:12:30:2741] E: RESOLVE: '--color-bg'
[2025/12/25 14:12:30:2742] E: RESOLVE: '--color-bg'
[2025/12/25 14:12:30:2742] E: RESOLVE: '--color-fg'
[2025/12/25 14:12:30:2742] E: RESOLVE: '--color-bg'
[2025/12/25 14:12:30:2743] E: RESOLVE: '--color-bg'
[2025/12/25 14:12:30:2743] E: RESOLVE: '--color-bg'
[2025/12/25 14:12:30:2744] E: RESOLVE: '--color-bg'
[2025/12/25 14:12:30:2745] E: RESOLVE: '--color-bg'
[2025/12/25 14:12:30:2746] E: RESOLVE: '--color-bg'
[2025/12/25 14:12:30:2746] E: RESOLVE: '--color-bg'
[2025/12/25 14:12:30:2748] E: RESOLVE: '--color-bg'
[2025/12/25 14:12:30:2748] E: RESOLVE: '--color-fg'
[2025/12/25 14:12:30:2748] E: RESOLVE: '--color-bg'
[2025/12/25 14:12:30:2749] E: RESOLVE: '--color-bg'
[2025/12/25 14:12:30:2749] E: RESOLVE: '--color-bg'
[2025/12/25 14:12:30:2750] E: RESOLVE: '--color-bg'
[2025/12/25 14:12:30:2751] E: RESOLVE: '--color-bg'
[2025/12/25 14:12:30:2752] E: RESOLVE: '--color-bg'
[2025/12/25 14:12:30:2752] E: RESOLVE: '--color-bg'
[2025/12/25 14:12:30:2753] E: RESOLVE: '--color-bg'
[2025/12/25 14:12:30:2754] E: RESOLVE: '--color-bg'
[2025/12/25 14:12:30:2754] E: RESOLVE: '--color-fg'
[2025/12/25 14:12:30:2754] E: RESOLVE: '--color-bg'
[2025/12/25 14:12:30:2755] E: RESOLVE: '--color-bg'
[2025/12/25 14:12:30:2756] E: RESOLVE: '--color-bg'
[2025/12/25 14:12:30:2757] E: RESOLVE: '--color-bg'
[2025/12/25 14:12:30:2757] E: RESOLVE: '--color-bg'
[2025/12/25 14:12:30:2758] E: RESOLVE: '--color-bg'
[2025/12/25 14:12:30:2759] E: RESOLVE: '--color-bg'
[2025/12/25 14:12:30:2759] E: RESOLVE: '--color-fg'
[2025/12/25 14:12:30:2760] E: RESOLVE: '--color-bg'
[2025/12/25 14:12:30:2760] E: RESOLVE: '--color-bg'
[2025/12/25 14:12:30:2761] E: RESOLVE: '--color-bg'
[2025/12/25 14:12:30:2762] E: RESOLVE: '--color-bg'
[2025/12/25 14:12:30:2762] E: RESOLVE: '--color-bg'
[2025/12/25 14:12:30:2764] E: RESOLVE: '--color-bg'
[2025/12/25 14:12:30:2764] E: RESOLVE: '--color-bg'
[2025/12/25 14:12:30:2766] E: RESOLVE: '--color-bg'
[2025/12/25 14:12:30:2766] E: RESOLVE: '--color-fg'
[2025/12/25 14:12:30:2766] E: RESOLVE: '--color-bg'
[2025/12/25 14:12:30:2767] E: RESOLVE: '--color-bg'
[2025/12/25 14:12:30:2767] E: RESOLVE: '--color-bg'
[2025/12/25 14:12:30:2768] E: RESOLVE: '--color-bg'
[2025/12/25 14:12:30:2769] E: RESOLVE: '--color-bg'
[2025/12/25 14:12:30:2770] E: RESOLVE: '--color-bg'
[2025/12/25 14:12:30:2771] E: RESOLVE: '--color-bg'
[2025/12/25 14:12:30:2771] E: RESOLVE: '--color-box-bg-shaded'
[2025/12/25 14:12:30:2771] E: RESOLVE: '--color-fg'
[2025/12/25 14:12:30:2773] E: RESOLVE: '--color-bg'
[2025/12/25 14:12:30:2773] E: RESOLVE: '--color-fg'
[2025/12/25 14:12:30:2773] E: RESOLVE: '--color-bg'
[2025/12/25 14:12:30:2773] E: RESOLVE: '--color-bg'
[2025/12/25 14:12:30:2774] E: RESOLVE: '--color-bg'
[2025/12/25 14:12:30:2775] E: RESOLVE: '--color-bg'
[2025/12/25 14:12:30:2776] E: RESOLVE: '--color-bg'
[2025/12/25 14:12:30:2777] E: RESOLVE: '--color-bg'
[2025/12/25 14:12:30:2777] E: RESOLVE: '--color-bg'
[2025/12/25 14:12:30:2778] E: RESOLVE: '--color-bg'
[2025/12/25 14:12:30:2778] E: RESOLVE: '--color-fg'
[2025/12/25 14:12:30:2779] E: RESOLVE: '--color-bg'
[2025/12/25 14:12:30:2779] E: RESOLVE: '--color-bg'
[2025/12/25 14:12:30:2780] E: RESOLVE: '--color-bg'
[2025/12/25 14:12:30:2781] E: RESOLVE: '--color-bg'
[2025/12/25 14:12:30:2782] E: RESOLVE: '--color-bg'
[2025/12/25 14:12:30:2783] E: RESOLVE: '--color-bg'
[2025/12/25 14:12:30:2783] E: RESOLVE: '--color-bg'
[2025/12/25 14:12:30:2784] E: RESOLVE: '--color-bg'
[2025/12/25 14:12:30:2784] N: we couldn't fit anything in there, newline
[2025/12/25 14:12:30:2785] E: RESOLVE: '--color-bg'
[2025/12/25 14:12:30:2785] E: RESOLVE: '--color-fg'
[2025/12/25 14:12:30:2785] E: RESOLVE: '--color-bg'
[2025/12/25 14:12:30:2786] E: RESOLVE: '--color-bg'
[2025/12/25 14:12:30:2787] E: RESOLVE: '--color-bg'
[2025/12/25 14:12:30:2787] E: RESOLVE: '--color-bg'
[2025/12/25 14:12:30:2788] E: RESOLVE: '--color-bg'
[2025/12/25 14:12:30:2789] E: RESOLVE: '--color-bg'
[2025/12/25 14:12:30:2790] E: RESOLVE: '--color-bg'
[2025/12/25 14:12:30:2791] E: RESOLVE: '--color-bg'
[2025/12/25 14:12:30:2791] E: RESOLVE: '--color-bg'
[2025/12/25 14:12:30:2792] E: RESOLVE: '--color-bg'
[2025/12/25 14:12:30:2792] E: RESOLVE: '--color-fg'
[2025/12/25 14:12:30:2793] E: RESOLVE: '--color-bg'
[2025/12/25 14:12:30:2793] E: RESOLVE: '--color-bg'
[2025/12/25 14:12:30:2794] E: RESOLVE: '--color-bg'
[2025/12/25 14:12:30:2795] E: RESOLVE: '--color-bg'
[2025/12/25 14:12:30:2795] E: RESOLVE: '--color-bg'
[2025/12/25 14:12:30:2796] E: RESOLVE: '--color-bg'
[2025/12/25 14:12:30:2797] E: RESOLVE: '--color-bg'
[2025/12/25 14:12:30:2798] E: RESOLVE: '--color-bg'
[2025/12/25 14:12:30:2798] E: RESOLVE: '--color-fg'
[2025/12/25 14:12:30:2798] E: RESOLVE: '--color-bg'
[2025/12/25 14:12:30:2799] E: RESOLVE: '--color-bg'
[2025/12/25 14:12:30:2800] E: RESOLVE: '--color-bg'
[2025/12/25 14:12:30:2801] E: RESOLVE: '--color-bg'
[2025/12/25 14:12:30:2801] E: RESOLVE: '--color-bg'
[2025/12/25 14:12:30:2802] E: RESOLVE: '--color-bg'
[2025/12/25 14:12:30:2803] E: RESOLVE: '--color-bg'
[2025/12/25 14:12:30:2804] E: RESOLVE: '--color-bg'
[2025/12/25 14:12:30:2806] E: RESOLVE: '--color-bg'
[2025/12/25 14:12:30:2806] E: RESOLVE: '--color-fg'
[2025/12/25 14:12:30:2806] E: RESOLVE: '--color-bg'
[2025/12/25 14:12:30:2807] E: RESOLVE: '--color-bg'
[2025/12/25 14:12:30:2807] E: RESOLVE: '--color-bg'
[2025/12/25 14:12:30:2808] E: RESOLVE: '--color-bg'
[2025/12/25 14:12:30:2809] E: RESOLVE: '--color-bg'
[2025/12/25 14:12:30:2810] E: RESOLVE: '--color-bg'
[2025/12/25 14:12:30:2811] E: RESOLVE: '--color-bg'
[2025/12/25 14:12:30:2812] E: RESOLVE: '--color-bg'
[2025/12/25 14:12:30:2812] E: RESOLVE: '--color-bg'
[2025/12/25 14:12:30:2813] E: RESOLVE: '--color-fg-link'
[2025/12/25 14:12:30:2814] E: RESOLVE: '--color-bg'
[2025/12/25 14:12:30:2814] E: RESOLVE: '--color-fg'
[2025/12/25 14:12:30:2814] E: RESOLVE: '--color-bg'
[2025/12/25 14:12:30:2815] E: RESOLVE: '--color-bg'
[2025/12/25 14:12:30:2815] E: RESOLVE: '--color-bg'
[2025/12/25 14:12:30:2816] E: RESOLVE: '--color-bg'
[2025/12/25 14:12:30:2817] E: RESOLVE: '--color-bg'
[2025/12/25 14:12:30:2818] E: RESOLVE: '--color-bg'
[2025/12/25 14:12:30:2819] E: RESOLVE: '--color-bg'
[2025/12/25 14:12:30:2820] E: RESOLVE: '--color-bg'
[2025/12/25 14:12:30:2820] E: RESOLVE: '--color-bg'
[2025/12/25 14:12:30:2820] E: RESOLVE: '--color-fg-link'
[2025/12/25 14:12:30:2821] E: RESOLVE: '--color-bg'
[2025/12/25 14:12:30:2821] E: RESOLVE: '--color-fg-link'
[2025/12/25 14:12:30:2822] E: RESOLVE: '--color-bg'
[2025/12/25 14:12:30:2822] E: RESOLVE: '--color-fg'
[2025/12/25 14:12:30:2823] E: RESOLVE: '--color-bg'
[2025/12/25 14:12:30:2823] E: RESOLVE: '--color-bg'
[2025/12/25 14:12:30:2824] E: RESOLVE: '--color-bg'
[2025/12/25 14:12:30:2825] E: RESOLVE: '--color-bg'
[2025/12/25 14:12:30:2826] E: RESOLVE: '--color-bg'
[2025/12/25 14:12:30:2826] E: RESOLVE: '--color-bg'
[2025/12/25 14:12:30:2827] E: RESOLVE: '--color-bg'
[2025/12/25 14:12:30:2828] E: RESOLVE: '--color-bg'
[2025/12/25 14:12:30:2830] E: RESOLVE: '--color-bg'
[2025/12/25 14:12:30:2830] E: RESOLVE: '--color-fg'
[2025/12/25 14:12:30:2831] E: RESOLVE: '--color-bg'
[2025/12/25 14:12:30:2831] E: RESOLVE: '--color-bg'
[2025/12/25 14:12:30:2832] E: RESOLVE: '--color-bg'
[2025/12/25 14:12:30:2833] E: RESOLVE: '--color-bg'
[2025/12/25 14:12:30:2834] E: RESOLVE: '--color-bg'
[2025/12/25 14:12:30:2834] E: RESOLVE: '--color-bg'
[2025/12/25 14:12:30:2835] E: RESOLVE: '--color-bg'
[2025/12/25 14:12:30:2836] E: RESOLVE: '--color-bg'
[2025/12/25 14:12:30:2837] E: RESOLVE: '--color-bg'
[2025/12/25 14:12:30:2837] E: RESOLVE: '--color-fg-link'
[2025/12/25 14:12:30:2838] E: RESOLVE: '--color-bg'
[2025/12/25 14:12:30:2838] E: RESOLVE: '--color-fg'
[2025/12/25 14:12:30:2838] E: RESOLVE: '--color-bg'
[2025/12/25 14:12:30:2839] E: RESOLVE: '--color-bg'
[2025/12/25 14:12:30:2840] E: RESOLVE: '--color-bg'
[2025/12/25 14:12:30:2841] E: RESOLVE: '--color-bg'
[2025/12/25 14:12:30:2842] E: RESOLVE: '--color-bg'
[2025/12/25 14:12:30:2842] E: RESOLVE: '--color-bg'
[2025/12/25 14:12:30:2843] E: RESOLVE: '--color-bg'
[2025/12/25 14:12:30:2845] E: RESOLVE: '--color-bg'
[2025/12/25 14:12:30:2845] E: RESOLVE: '--color-bg'
[2025/12/25 14:12:30:2845] E: RESOLVE: '--color-fg-link'
[2025/12/25 14:12:30:2846] E: RESOLVE: '--color-bg'
[2025/12/25 14:12:30:2846] E: RESOLVE: '--color-fg-link'
[2025/12/25 14:12:30:2847] E: RESOLVE: '--color-bg'
[2025/12/25 14:12:30:2847] E: RESOLVE: '--color-fg'
[2025/12/25 14:12:30:2848] E: RESOLVE: '--color-bg'
[2025/12/25 14:12:30:2848] E: RESOLVE: '--color-bg'
[2025/12/25 14:12:30:2849] E: RESOLVE: '--color-bg'
[2025/12/25 14:12:30:2850] E: RESOLVE: '--color-bg'
[2025/12/25 14:12:30:2851] E: RESOLVE: '--color-bg'
[2025/12/25 14:12:30:2852] E: RESOLVE: '--color-bg'
[2025/12/25 14:12:30:2852] E: RESOLVE: '--color-bg'
[2025/12/25 14:12:30:2853] E: RESOLVE: '--color-bg'
[2025/12/25 14:12:30:2855] E: RESOLVE: '--color-bg'
[2025/12/25 14:12:30:2855] E: RESOLVE: '--color-fg'
[2025/12/25 14:12:30:2855] E: RESOLVE: '--color-bg'
[2025/12/25 14:12:30:2856] E: RESOLVE: '--color-bg'
[2025/12/25 14:12:30:2856] E: RESOLVE: '--color-bg'
[2025/12/25 14:12:30:2857] E: RESOLVE: '--color-bg'
[2025/12/25 14:12:30:2858] E: RESOLVE: '--color-bg'
[2025/12/25 14:12:30:2859] E: RESOLVE: '--color-bg'
[2025/12/25 14:12:30:2860] E: RESOLVE: '--color-bg'
[2025/12/25 14:12:30:2861] E: RESOLVE: '--color-bg'
[2025/12/25 14:12:30:2862] E: RESOLVE: '--color-bg'
[2025/12/25 14:12:30:2862] E: RESOLVE: '--color-fg-link'
[2025/12/25 14:12:30:2863] E: RESOLVE: '--color-bg'
[2025/12/25 14:12:30:2863] E: RESOLVE: '--color-fg'
[2025/12/25 14:12:30:2863] E: RESOLVE: '--color-bg'
[2025/12/25 14:12:30:2864] E: RESOLVE: '--color-bg'
[2025/12/25 14:12:30:2864] E: RESOLVE: '--color-bg'
[2025/12/25 14:12:30:2865] E: RESOLVE: '--color-bg'
[2025/12/25 14:12:30:2866] E: RESOLVE: '--color-bg'
[2025/12/25 14:12:30:2867] E: RESOLVE: '--color-bg'
[2025/12/25 14:12:30:2868] E: RESOLVE: '--color-bg'
[2025/12/25 14:12:30:2869] E: RESOLVE: '--color-bg'
[2025/12/25 14:12:30:2870] E: RESOLVE: '--color-bg'
[2025/12/25 14:12:30:2870] E: RESOLVE: '--color-fg-link'
[2025/12/25 14:12:30:2870] E: RESOLVE: '--color-bg'
[2025/12/25 14:12:30:2870] E: RESOLVE: '--color-fg-link'
[2025/12/25 14:12:30:2872] E: RESOLVE: '--color-bg'
[2025/12/25 14:12:30:2872] E: RESOLVE: '--color-fg'
[2025/12/25 14:12:30:2872] E: RESOLVE: '--color-bg'
[2025/12/25 14:12:30:2872] E: RESOLVE: '--color-bg'
[2025/12/25 14:12:30:2873] E: RESOLVE: '--color-bg'
[2025/12/25 14:12:30:2874] E: RESOLVE: '--color-bg'
[2025/12/25 14:12:30:2875] E: RESOLVE: '--color-bg'
[2025/12/25 14:12:30:2876] E: RESOLVE: '--color-bg'
[2025/12/25 14:12:30:2876] E: RESOLVE: '--color-bg'
[2025/12/25 14:12:30:2877] E: RESOLVE: '--color-bg'
[2025/12/25 14:12:30:2878] E: RESOLVE: '--color-bg'
[2025/12/25 14:12:30:2878] E: RESOLVE: '--color-fg'
[2025/12/25 14:12:30:2879] E: RESOLVE: '--color-bg'
[2025/12/25 14:12:30:2880] E: RESOLVE: '--color-bg'
[2025/12/25 14:12:30:2880] E: RESOLVE: '--color-bg'
[2025/12/25 14:12:30:2881] E: RESOLVE: '--color-bg'
[2025/12/25 14:12:30:2882] E: RESOLVE: '--color-bg'
[2025/12/25 14:12:30:2883] E: RESOLVE: '--color-bg'
[2025/12/25 14:12:30:2884] E: RESOLVE: '--color-bg'
[2025/12/25 14:12:30:2885] E: RESOLVE: '--color-bg'
[2025/12/25 14:12:30:2885] E: RESOLVE: '--color-fg'
[2025/12/25 14:12:30:2885] E: RESOLVE: '--color-bg'
[2025/12/25 14:12:30:2886] E: RESOLVE: '--color-bg'
[2025/12/25 14:12:30:2886] E: RESOLVE: '--color-bg'
[2025/12/25 14:12:30:2887] E: RESOLVE: '--color-bg'
[2025/12/25 14:12:30:2888] E: RESOLVE: '--color-bg'
[2025/12/25 14:12:30:2889] E: RESOLVE: '--color-bg'
[2025/12/25 14:12:30:2890] E: RESOLVE: '--color-bg'
[2025/12/25 14:12:30:2890] E: RESOLVE: '--color-fg'
[2025/12/25 14:12:30:2890] E: RESOLVE: '--color-bg'
[2025/12/25 14:12:30:2891] E: RESOLVE: '--color-bg'
[2025/12/25 14:12:30:2892] E: RESOLVE: '--color-bg'
[2025/12/25 14:12:30:2893] E: RESOLVE: '--color-bg'
[2025/12/25 14:12:30:2893] E: RESOLVE: '--color-bg'
[2025/12/25 14:12:30:2894] E: RESOLVE: '--color-bg'
[2025/12/25 14:12:30:2895] E: RESOLVE: '--color-bg'
[2025/12/25 14:12:30:2896] E: RESOLVE: '--color-bg'
[2025/12/25 14:12:30:2896] E: RESOLVE: '--color-fg'
[2025/12/25 14:12:30:2896] E: RESOLVE: '--color-bg'
[2025/12/25 14:12:30:2897] E: RESOLVE: '--color-bg'
[2025/12/25 14:12:30:2897] E: RESOLVE: '--color-bg'
[2025/12/25 14:12:30:2899] E: RESOLVE: '--color-bg'
[2025/12/25 14:12:30:2899] E: RESOLVE: '--color-bg'
[2025/12/25 14:12:30:2900] E: RESOLVE: '--color-bg'
[2025/12/25 14:12:30:2901] E: RESOLVE: '--color-bg'
[2025/12/25 14:12:30:2902] E: RESOLVE: '--color-bg'
[2025/12/25 14:12:30:2903] E: RESOLVE: '--color-bg'
[2025/12/25 14:12:30:2903] E: RESOLVE: '--color-fg'
[2025/12/25 14:12:30:2903] E: RESOLVE: '--color-bg'
[2025/12/25 14:12:30:2904] E: RESOLVE: '--color-bg'
[2025/12/25 14:12:30:2904] E: RESOLVE: '--color-bg'
[2025/12/25 14:12:30:2905] E: RESOLVE: '--color-bg'
[2025/12/25 14:12:30:2906] E: RESOLVE: '--color-bg'
[2025/12/25 14:12:30:2907] E: RESOLVE: '--color-bg'
[2025/12/25 14:12:30:2908] E: RESOLVE: '--color-bg'
[2025/12/25 14:12:30:2908] E: RESOLVE: '--color-bg'
[2025/12/25 14:12:30:2909] E: RESOLVE: '--color-bg'
[2025/12/25 14:12:30:2910] E: RESOLVE: '--color-bg'
[2025/12/25 14:12:30:2910] E: RESOLVE: '--color-fg'
[2025/12/25 14:12:30:2910] E: RESOLVE: '--color-bg'
[2025/12/25 14:12:30:2911] E: RESOLVE: '--color-bg'
[2025/12/25 14:12:30:2912] E: RESOLVE: '--color-bg'
[2025/12/25 14:12:30:2913] E: RESOLVE: '--color-bg'
[2025/12/25 14:12:30:2913] E: RESOLVE: '--color-bg'
[2025/12/25 14:12:30:2914] E: RESOLVE: '--color-bg'
[2025/12/25 14:12:30:2915] E: RESOLVE: '--color-bg'
[2025/12/25 14:12:30:2916] E: RESOLVE: '--color-bg'
[2025/12/25 14:12:30:2916] E: RESOLVE: '--color-fg'
[2025/12/25 14:12:30:2916] E: RESOLVE: '--color-bg'
[2025/12/25 14:12:30:2917] E: RESOLVE: '--color-bg'
[2025/12/25 14:12:30:2918] E: RESOLVE: '--color-bg'
[2025/12/25 14:12:30:2919] E: RESOLVE: '--color-bg'
[2025/12/25 14:12:30:2920] E: RESOLVE: '--color-bg'
[2025/12/25 14:12:30:2920] E: RESOLVE: '--color-bg'
[2025/12/25 14:12:30:2921] E: RESOLVE: '--color-bg'
[2025/12/25 14:12:30:2922] E: RESOLVE: '--color-bg'
[2025/12/25 14:12:30:2922] E: RESOLVE: '--color-fg-link'
[2025/12/25 14:12:30:2924] E: RESOLVE: '--color-bg'
[2025/12/25 14:12:30:2924] E: RESOLVE: '--color-fg'
[2025/12/25 14:12:30:2924] E: RESOLVE: '--color-bg'
[2025/12/25 14:12:30:2925] E: RESOLVE: '--color-bg'
[2025/12/25 14:12:30:2925] E: RESOLVE: '--color-bg'
[2025/12/25 14:12:30:2926] E: RESOLVE: '--color-bg'
[2025/12/25 14:12:30:2927] E: RESOLVE: '--color-bg'
[2025/12/25 14:12:30:2928] E: RESOLVE: '--color-bg'
[2025/12/25 14:12:30:2928] E: RESOLVE: '--color-bg'
[2025/12/25 14:12:30:2929] E: RESOLVE: '--color-bg'
[2025/12/25 14:12:30:2929] E: RESOLVE: '--color-fg-link'
[2025/12/25 14:12:30:2930] E: RESOLVE: '--color-bg'
[2025/12/25 14:12:30:2930] E: RESOLVE: '--color-fg-link'
[2025/12/25 14:12:30:2931] E: RESOLVE: '--color-bg'
[2025/12/25 14:12:30:2931] E: RESOLVE: '--color-fg'
[2025/12/25 14:12:30:2931] E: RESOLVE: '--color-bg'
[2025/12/25 14:12:30:2932] E: RESOLVE: '--color-bg'
[2025/12/25 14:12:30:2932] E: RESOLVE: '--color-bg'
[2025/12/25 14:12:30:2933] E: RESOLVE: '--color-bg'
[2025/12/25 14:12:30:2934] E: RESOLVE: '--color-bg'
[2025/12/25 14:12:30:2935] E: RESOLVE: '--color-bg'
[2025/12/25 14:12:30:2936] E: RESOLVE: '--color-bg'
[2025/12/25 14:12:30:2937] E: RESOLVE: '--color-bg'
[2025/12/25 14:12:30:2937] E: RESOLVE: '--color-fg'
[2025/12/25 14:12:30:2937] E: RESOLVE: '--color-bg'
[2025/12/25 14:12:30:2938] E: RESOLVE: '--color-bg'
[2025/12/25 14:12:30:2938] E: RESOLVE: '--color-bg'
[2025/12/25 14:12:30:2939] E: RESOLVE: '--color-bg'
[2025/12/25 14:12:30:2940] E: RESOLVE: '--color-bg'
[2025/12/25 14:12:30:2941] E: RESOLVE: '--color-bg'
[2025/12/25 14:12:30:2942] E: RESOLVE: '--color-bg'
[2025/12/25 14:12:30:2942] E: RESOLVE: '--color-fg'
[2025/12/25 14:12:30:2942] E: RESOLVE: '--color-bg'
[2025/12/25 14:12:30:2943] E: RESOLVE: '--color-bg'
[2025/12/25 14:12:30:2944] E: RESOLVE: '--color-bg'
[2025/12/25 14:12:30:2944] E: RESOLVE: '--color-bg'
[2025/12/25 14:12:30:2945] E: RESOLVE: '--color-bg'
[2025/12/25 14:12:30:2946] E: RESOLVE: '--color-bg'
[2025/12/25 14:12:30:2946] E: RESOLVE: '--color-fg'
[2025/12/25 14:12:30:2946] E: RESOLVE: '--color-bg'
[2025/12/25 14:12:30:2947] E: RESOLVE: '--color-bg'
[2025/12/25 14:12:30:2948] E: RESOLVE: '--color-bg'
[2025/12/25 14:12:30:2949] E: RESOLVE: '--color-bg'
[2025/12/25 14:12:30:2950] E: RESOLVE: '--color-bg'
[2025/12/25 14:12:30:2950] E: RESOLVE: '--color-fg'
[2025/12/25 14:12:30:2950] E: RESOLVE: '--color-bg'
[2025/12/25 14:12:30:2951] E: RESOLVE: '--color-bg'
[2025/12/25 14:12:30:2951] E: RESOLVE: '--color-bg'
[2025/12/25 14:12:30:2952] E: RESOLVE: '--color-bg'
[2025/12/25 14:12:30:2952] E: RESOLVE: '--color-fg'
[2025/12/25 14:12:30:2952] E: RESOLVE: '--color-bg'
[2025/12/25 14:12:30:2953] E: RESOLVE: '--color-bg'
[2025/12/25 14:12:30:2953] E: RESOLVE: '--color-bg'
[2025/12/25 14:12:30:2954] E: RESOLVE: '--color-bg'
[2025/12/25 14:12:30:2954] E: RESOLVE: '--color-fg-link'
[2025/12/25 14:12:30:2955] E: RESOLVE: '--color-bg'
[2025/12/25 14:12:30:2955] E: RESOLVE: '--color-fg'
[2025/12/25 14:12:30:2955] E: RESOLVE: '--color-bg'
[2025/12/25 14:12:30:2956] E: RESOLVE: '--color-bg'
[2025/12/25 14:12:30:2956] E: RESOLVE: '--color-bg'
[2025/12/25 14:12:30:2957] E: RESOLVE: '--color-bg'
[2025/12/25 14:12:30:2957] E: RESOLVE: '--color-fg-link'
[2025/12/25 14:12:30:2957] E: RESOLVE: '--color-bg'
[2025/12/25 14:12:30:2957] E: RESOLVE: '--color-fg-link'
[2025/12/25 14:12:30:2958] E: RESOLVE: '--color-bg'
[2025/12/25 14:12:30:2958] E: RESOLVE: '--color-fg'
[2025/12/25 14:12:30:2959] E: RESOLVE: '--color-bg'
[2025/12/25 14:12:30:2960] E: RESOLVE: '--color-bg'
[2025/12/25 14:12:30:2960] E: RESOLVE: '--color-bg'
[2025/12/25 14:12:30:2961] E: RESOLVE: '--color-bg'
[2025/12/25 14:12:30:2961] E: RESOLVE: '--color-fg-link'
[2025/12/25 14:12:30:2961] E: RESOLVE: '--color-bg'
[2025/12/25 14:12:30:2961] E: RESOLVE: '--color-fg-link'
[2025/12/25 14:12:30:2961] E: RESOLVE: '--color-bg'
[2025/12/25 14:12:30:2961] E: RESOLVE: '--color-fg-link'
[2025/12/25 14:12:30:2962] E: RESOLVE: '--color-bg'
[2025/12/25 14:12:30:2962] E: RESOLVE: '--color-fg'
[2025/12/25 14:12:30:2962] E: RESOLVE: '--color-bg'
[2025/12/25 14:12:30:2963] E: RESOLVE: '--color-bg'
[2025/12/25 14:12:30:2964] E: RESOLVE: '--color-bg'
[2025/12/25 14:12:30:2965] E: RESOLVE: '--color-bg'
[2025/12/25 14:12:30:2965] E: RESOLVE: '--color-fg-link'
[2025/12/25 14:12:30:2965] E: RESOLVE: '--color-bg'
[2025/12/25 14:12:30:2966] E: RESOLVE: '--color-fg'
[2025/12/25 14:12:30:2966] E: RESOLVE: '--color-bg'
[2025/12/25 14:12:30:2966] E: RESOLVE: '--color-bg'
[2025/12/25 14:12:30:2967] E: RESOLVE: '--color-bg'
[2025/12/25 14:12:30:2968] E: RESOLVE: '--color-bg'
[2025/12/25 14:12:30:2968] E: RESOLVE: '--color-fg'
[2025/12/25 14:12:30:2968] E: RESOLVE: '--color-bg'
[2025/12/25 14:12:30:2969] E: RESOLVE: '--color-bg'
[2025/12/25 14:12:30:2970] E: RESOLVE: '--color-bg'
[2025/12/25 14:12:30:2970] E: RESOLVE: '--color-fg'
[2025/12/25 14:12:30:2970] E: RESOLVE: '--color-bg'
[2025/12/25 14:12:30:2971] E: RESOLVE: '--color-bg'
[2025/12/25 14:12:30:2971] E: RESOLVE: '--color-fg'
[2025/12/25 14:12:30:2971] E: RESOLVE: '--color-bg'
[2025/12/25 14:12:30:2972] E: RESOLVE: '--color-bg'
[2025/12/25 14:12:30:2973] E: RESOLVE: '--color-bg'
[2025/12/25 14:12:30:2973] E: RESOLVE: '--color-fg'
[2025/12/25 14:12:30:2973] E: RESOLVE: '--color-bg'
[2025/12/25 14:12:30:2974] E: RESOLVE: '--color-bg'
[2025/12/25 14:12:30:2974] E: RESOLVE: '--color-bg'
[2025/12/25 14:12:30:2974] E: RESOLVE: '--color-fg-link'
[2025/12/25 14:12:30:2975] E: RESOLVE: '--color-bg'
[2025/12/25 14:12:30:2975] E: RESOLVE: '--color-fg'
[2025/12/25 14:12:30:2975] E: RESOLVE: '--color-bg'
[2025/12/25 14:12:30:2976] E: RESOLVE: '--color-bg'
[2025/12/25 14:12:30:2976] E: RESOLVE: '--color-bg'
[2025/12/25 14:12:30:2976] E: RESOLVE: '--color-fg-link'
[2025/12/25 14:12:30:2977] E: RESOLVE: '--color-bg'
[2025/12/25 14:12:30:2977] E: RESOLVE: '--color-fg'
[2025/12/25 14:12:30:2978] E: RESOLVE: '--color-bg'
[2025/12/25 14:12:30:2978] E: RESOLVE: '--color-bg'
[2025/12/25 14:12:30:2979] E: RESOLVE: '--color-bg'
[2025/12/25 14:12:30:2979] E: RESOLVE: '--color-fg-link'
[2025/12/25 14:12:30:2980] E: RESOLVE: '--color-bg'
[2025/12/25 14:12:30:2980] E: RESOLVE: '--color-fg'
[2025/12/25 14:12:30:2980] E: RESOLVE: '--color-bg'
[2025/12/25 14:12:30:2981] E: RESOLVE: '--color-bg'
[2025/12/25 14:12:30:2981] E: RESOLVE: '--color-bg'
[2025/12/25 14:12:30:2981] E: RESOLVE: '--color-fg-link'
[2025/12/25 14:12:30:2981] E: RESOLVE: '--color-bg'
[2025/12/25 14:12:30:2981] E: RESOLVE: '--color-fg-link'
[2025/12/25 14:12:30:2982] E: RESOLVE: '--color-bg'
[2025/12/25 14:12:30:2983] E: RESOLVE: '--color-fg'
[2025/12/25 14:12:30:2983] E: RESOLVE: '--color-bg'
[2025/12/25 14:12:30:2983] E: RESOLVE: '--color-bg'
[2025/12/25 14:12:30:2984] E: RESOLVE: '--color-bg'
[2025/12/25 14:12:30:2984] E: RESOLVE: '--color-fg'
[2025/12/25 14:12:30:2985] E: RESOLVE: '--color-bg'
[2025/12/25 14:12:30:2985] E: RESOLVE: '--color-bg'
[2025/12/25 14:12:30:2985] E: RESOLVE: '--color-fg'
[2025/12/25 14:12:30:2986] E: RESOLVE: '--color-bg'
[2025/12/25 14:12:30:2986] E: RESOLVE: '--color-fg'
[2025/12/25 14:12:30:2986] E: RESOLVE: '--color-bg'
[2025/12/25 14:12:30:2986] E: RESOLVE: '--color-fg'
[2025/12/25 14:12:30:2987] E: RESOLVE: '--color-bg'
[2025/12/25 14:12:30:2987] E: RESOLVE: '--color-fg'
[2025/12/25 14:12:30:2987] E: RESOLVE: '--color-bg'
[2025/12/25 14:12:30:2987] E: RESOLVE: '--color-fg'
[2025/12/25 14:12:30:2988] E: RESOLVE: '--color-bg'
[2025/12/25 14:12:30:2988] E: RESOLVE: '--color-fg'
[2025/12/25 14:12:30:2988] E: RESOLVE: '--color-bg'
[2025/12/25 14:12:30:2989] E: RESOLVE: '--color-fg'
[2025/12/25 14:12:30:2989] E: RESOLVE: '--color-bg'
[2025/12/25 14:12:30:2989] E: RESOLVE: '--color-fg'
[2025/12/25 14:12:30:2990] E: RESOLVE: '--color-bg'
[2025/12/25 14:12:30:2990] E: RESOLVE: '--color-fg'
[2025/12/25 14:12:30:2990] E: RESOLVE: '--color-bg'
[2025/12/25 14:12:30:2990] E: RESOLVE: '--color-fg'
[2025/12/25 14:12:30:2990] E: RESOLVE: '--color-bg'
[2025/12/25 14:12:30:2990] E: RESOLVE: '--color-fg'
[2025/12/25 14:12:30:2991] E: RESOLVE: '--color-bg'
[2025/12/25 14:12:30:2991] E: RESOLVE: '--color-fg'
[2025/12/25 14:12:30:2991] E: RESOLVE: '--color-bg'
[2025/12/25 14:12:30:2991] E: RESOLVE: '--color-fg'
[2025/12/25 14:12:30:2991] E: RESOLVE: '--color-bg'
[2025/12/25 14:12:30:2991] E: RESOLVE: '--color-fg'
[2025/12/25 14:12:30:2992] E: RESOLVE: '--color-bg'
[2025/12/25 14:12:30:2992] E: RESOLVE: '--color-fg-link'
[2025/12/25 14:12:30:2993] E: RESOLVE: '--color-bg'
[2025/12/25 14:12:30:2993] E: RESOLVE: '--color-fg'
[2025/12/25 14:12:30:2993] E: RESOLVE: '--color-bg'
[2025/12/25 14:12:30:2993] E: RESOLVE: '--color-fg'
[2025/12/25 14:12:30:2993] E: RESOLVE: '--color-bg'
[2025/12/25 14:12:30:2993] E: RESOLVE: '--color-fg'
[2025/12/25 14:12:30:2993] E: RESOLVE: '--color-bg'
[2025/12/25 14:12:30:2993] E: RESOLVE: '--color-fg-link'
[2025/12/25 14:12:30:2994] E: RESOLVE: '--color-bg'
[2025/12/25 14:12:30:2994] E: RESOLVE: '--color-fg-link'
[2025/12/25 14:12:30:2994] E: RESOLVE: '--color-bg'
[2025/12/25 14:12:30:2994] E: RESOLVE: '--color-fg'
[2025/12/25 14:12:30:2995] E: RESOLVE: '--color-bg'
[2025/12/25 14:12:30:2995] E: RESOLVE: '--color-fg'
[2025/12/25 14:12:30:2995] E: RESOLVE: '--color-bg'
[2025/12/25 14:12:30:2995] E: RESOLVE: '--color-fg'
[2025/12/25 14:12:30:2996] E: RESOLVE: '--color-bg'
[2025/12/25 14:12:30:2996] E: RESOLVE: '--color-fg'
[2025/12/25 14:12:30:2996] E: RESOLVE: '--color-bg'
[2025/12/25 14:12:30:2996] E: RESOLVE: '--color-fg'
[2025/12/25 14:12:30:2996] E: RESOLVE: '--color-bg'
[2025/12/25 14:12:30:2996] E: RESOLVE: '--color-fg'
[2025/12/25 14:12:30:2996] E: RESOLVE: '--color-bg'
[2025/12/25 14:12:30:2996] E: RESOLVE: '--color-fg-link'
[2025/12/25 14:12:30:2997] E: RESOLVE: '--color-bg'
[2025/12/25 14:12:30:2997] E: RESOLVE: '--color-fg'
[2025/12/25 14:12:30:2997] E: RESOLVE: '--color-bg'
[2025/12/25 14:12:30:2997] E: RESOLVE: '--color-fg'
[2025/12/25 14:12:30:2998] E: RESOLVE: '--color-bg'
[2025/12/25 14:12:30:2998] E: RESOLVE: '--color-fg'
[2025/12/25 14:12:30:2998] E: RESOLVE: '--color-bg'
[2025/12/25 14:12:30:2998] E: RESOLVE: '--color-fg-link'
[2025/12/25 14:12:30:2998] E: RESOLVE: '--color-bg'
[2025/12/25 14:12:30:2998] E: RESOLVE: '--color-fg-link'
[2025/12/25 14:12:30:2999] E: RESOLVE: '--color-bg'
[2025/12/25 14:12:30:2999] E: RESOLVE: '--color-fg'
[2025/12/25 14:12:30:2999] E: RESOLVE: '--color-bg'
[2025/12/25 14:12:30:2999] E: RESOLVE: '--color-fg'
[2025/12/25 14:12:30:3000] E: RESOLVE: '--color-bg'
[2025/12/25 14:12:30:3000] E: RESOLVE: '--color-fg'
[2025/12/25 14:12:30:3000] E: RESOLVE: '--color-bg'
[2025/12/25 14:12:30:3000] E: RESOLVE: '--color-fg'
[2025/12/25 14:12:30:3001] E: RESOLVE: '--color-bg'
[2025/12/25 14:12:30:3001] E: RESOLVE: '--color-fg'
[2025/12/25 14:12:30:3001] E: RESOLVE: '--color-bg'
[2025/12/25 14:12:30:3001] E: RESOLVE: '--color-fg'
[2025/12/25 14:12:30:3001] E: RESOLVE: '--color-bg'
[2025/12/25 14:12:30:3001] E: RESOLVE: '--color-fg-link'
[2025/12/25 14:12:30:3002] E: RESOLVE: '--color-bg'
[2025/12/25 14:12:30:3002] E: RESOLVE: '--color-fg'
[2025/12/25 14:12:30:3002] E: RESOLVE: '--color-bg'
[2025/12/25 14:12:30:3002] E: RESOLVE: '--color-fg'
[2025/12/25 14:12:30:3002] E: RESOLVE: '--color-bg'
[2025/12/25 14:12:30:3002] E: RESOLVE: '--color-fg'
[2025/12/25 14:12:30:3003] E: RESOLVE: '--color-bg'
[2025/12/25 14:12:30:3003] E: RESOLVE: '--color-fg-link'
[2025/12/25 14:12:30:3003] E: RESOLVE: '--color-bg'
[2025/12/25 14:12:30:3003] E: RESOLVE: '--color-fg-link'
[2025/12/25 14:12:30:3004] E: RESOLVE: '--color-bg'
[2025/12/25 14:12:30:3004] E: RESOLVE: '--color-fg'
[2025/12/25 14:12:30:3004] E: RESOLVE: '--color-bg'
[2025/12/25 14:12:30:3004] E: RESOLVE: '--color-fg'
[2025/12/25 14:12:30:3005] E: RESOLVE: '--color-bg'
[2025/12/25 14:12:30:3005] E: RESOLVE: '--color-fg'
[2025/12/25 14:12:30:3005] E: RESOLVE: '--color-bg'
[2025/12/25 14:12:30:3005] E: RESOLVE: '--color-fg'
[2025/12/25 14:12:30:3006] E: RESOLVE: '--color-bg'
[2025/12/25 14:12:30:3006] E: RESOLVE: '--color-fg'
[2025/12/25 14:12:30:3006] E: RESOLVE: '--color-bg'
[2025/12/25 14:12:30:3006] E: RESOLVE: '--color-fg'
[2025/12/25 14:12:30:3006] E: RESOLVE: '--color-bg'
[2025/12/25 14:12:30:3006] E: RESOLVE: '--color-fg-link'
[2025/12/25 14:12:30:3007] E: RESOLVE: '--color-bg'
[2025/12/25 14:12:30:3007] E: RESOLVE: '--color-fg'
[2025/12/25 14:12:30:3007] E: RESOLVE: '--color-bg'
[2025/12/25 14:12:30:3007] E: RESOLVE: '--color-fg'
[2025/12/25 14:12:30:3007] E: RESOLVE: '--color-bg'
[2025/12/25 14:12:30:3007] E: RESOLVE: '--color-fg'
[2025/12/25 14:12:30:3008] E: RESOLVE: '--color-bg'
[2025/12/25 14:12:30:3008] E: RESOLVE: '--color-fg-link'
[2025/12/25 14:12:30:3008] E: RESOLVE: '--color-bg'
[2025/12/25 14:12:30:3008] E: RESOLVE: '--color-fg-link'
[2025/12/25 14:12:30:3009] E: RESOLVE: '--color-bg'
[2025/12/25 14:12:30:3009] E: RESOLVE: '--color-fg'
[2025/12/25 14:12:30:3009] E: RESOLVE: '--color-bg'
[2025/12/25 14:12:30:3009] E: RESOLVE: '--color-fg'
[2025/12/25 14:12:30:3009] E: RESOLVE: '--color-bg'
[2025/12/25 14:12:30:3009] E: RESOLVE: '--color-fg'
[2025/12/25 14:12:30:3010] E: RESOLVE: '--color-bg'
[2025/12/25 14:12:30:3010] E: RESOLVE: '--color-fg'
[2025/12/25 14:12:30:3010] E: RESOLVE: '--color-bg'
[2025/12/25 14:12:30:3010] E: RESOLVE: '--color-fg'
[2025/12/25 14:12:30:3011] E: RESOLVE: '--color-bg'
[2025/12/25 14:12:30:3011] E: RESOLVE: '--color-fg'
[2025/12/25 14:12:30:3012] E: RESOLVE: '--color-bg'
[2025/12/25 14:12:30:3012] E: RESOLVE: '--color-fg'
[2025/12/25 14:12:30:3012] E: RESOLVE: '--color-bg'
[2025/12/25 14:12:30:3012] E: RESOLVE: '--color-fg'
[2025/12/25 14:12:30:3013] E: RESOLVE: '--color-bg'
[2025/12/25 14:12:30:3013] E: RESOLVE: '--color-fg'
[2025/12/25 14:12:30:3014] E: RESOLVE: '--color-bg'
[2025/12/25 14:12:30:3014] E: RESOLVE: '--color-fg'
[2025/12/25 14:12:30:3014] E: RESOLVE: '--color-bg'
[2025/12/25 14:12:30:3014] E: RESOLVE: '--color-fg'
[2025/12/25 14:12:30:3014] E: RESOLVE: '--color-bg'
[2025/12/25 14:12:30:3015] E: RESOLVE: '--color-fg'
[2025/12/25 14:12:30:3016] N: lws_lhp_ss_html_parse: inferring we are finished
[2025/12/25 14:12:30:3016] N: lws_lhp_ss_html_parse: DESTROYING the lhp
[2025/12/25 14:12:30:3016] N: lws_display_dl_dump
[2025/12/25 14:12:30:3016] N:  0x560c2c49ade0 box: (0.0, 0.0) [1600.0 x 2000.0], co: (0.0, 0.0) [1600.0 x 2000.0], rect: RGBA 0xFFFFFFFF
[2025/12/25 14:12:30:3016] N:   0x560c2c4d4980 box: (0.0, 0.0) [2.0 x 16.0], co: (0.0, 0.0) [2.0 x 16.0], rect: RGBA 0x00000000
[2025/12/25 14:12:30:3016] N:   0x560c2c4d4ba0 box: (0.0, 16.0) [2.0 x 16.0], co: (0.0, 16.0) [2.0 x 16.0], rect: RGBA 0x00000000
[2025/12/25 14:12:30:3016] N:   0x560c2c4d5330 box: (8.25, 24.25) [610.0 x 27.0], co: (8.25, 24.25) [610.0 x 27.0], rect: RGBA 0x00000000
[2025/12/25 14:12:30:3016] N:    0x560c2c495d20 box: (0.0, 1.0) [26.0 x 15.0], co: (8.25, 25.25) [26.0 x 15.0], text: RGBA 0x00000000, chars: 6, Active
[2025/12/25 14:12:30:3016] N:   0x560c2c4d56f0 box: (0.0, 62.25) [610.0 x 27.0], co: (0.0, 62.25) [610.0 x 27.0], rect: RGBA 0x00000000
[2025/12/25 14:12:30:3016] N:    0x560c2c4d5910 box: (0.0, 1.0) [29.0 x 15.0], co: (0.0, 63.25) [29.0 x 15.0], text: RGBA 0x00000000, chars: 6, Recent
[2025/12/25 14:12:30:3016] N:   0x560c2c4d5ae0 box: (0.0, 100.25) [610.0 x 27.0], co: (0.0, 100.25) [610.0 x 27.0], rect: RGBA 0x00000000
[2025/12/25 14:12:30:3016] N:    0x560c2c4d5d00 box: (0.0, 1.0) [44.0 x 15.0], co: (0.0, 101.25) [44.0 x 15.0], text: RGBA 0x00000000, chars: 8, Comments
[2025/12/25 14:12:30:3016] N:   0x560c2c49e060 box: (0.0, 138.25) [610.0 x 27.0], co: (0.0, 138.25) [610.0 x 27.0], rect: RGBA 0x00000000
[2025/12/25 14:12:30:3016] N:    0x560c2c49e280 box: (0.0, 1.0) [28.0 x 15.0], co: (0.0, 139.25) [28.0 x 15.0], text: RGBA 0x00000000, chars: 6, Search
[2025/12/25 14:12:30:3016] N:   0x560c2c4d5ed0 box: (0.0, 176.25) [610.0 x 27.0], co: (0.0, 176.25) [610.0 x 27.0], rect: RGBA 0x00000000
[2025/12/25 14:12:30:3016] N:    0x560c2c4d60f0 box: (0.0, 1.0) [23.0 x 15.0], co: (0.0, 177.25) [23.0 x 15.0], text: RGBA 0x00000000, chars: 5, Login
[2025/12/25 14:12:30:3016] N:   0x560c2c4d62c0 box: (0.0, 16.0) [2.0 x 16.0], co: (0.0, 16.0) [2.0 x 16.0], rect: RGBA 0x00000000
[2025/12/25 14:12:30:3016] N:   0x560c2c4d64e0 box: (0.0, 32.0) [2.0 x 39.25], co: (0.0, 32.0) [2.0 x 39.25], rect: RGBA 0x00000000
[2025/12/25 14:12:30:3016] N:    0x560c2c4d6700 box: (0.0, 8.25) [23.0 x 15.0], co: (0.0, 40.25) [23.0 x 15.0], text: RGBA 0x00000000, chars: 5, Login
[2025/12/25 14:12:30:3016] N:   0x560c2c4d68d0 box: (8.25, 0.0) [786.75 x 469.0], co: (8.25, 0.0) [786.75 x 469.0], rect: RGBA 0x00000000
[2025/12/25 14:12:30:3016] N:    0x560c2c4db090 box: (0.0, 266.0) [50.0 x 14.0], co: (8.25, 266.0) [50.0 x 14.0], text: RGBA 0xFF000000, chars: 12, 20 hours ago
[2025/12/25 14:12:30:3016] N:    0x560c2c4d7180 box: (784.75, 445.0) [0.0 x 22.0], co: (793.0, 445.0) [0.0 x 22.0], rect: RGBA 0x00000000
[2025/12/25 14:12:30:3016] N:     0x560c2c4dd590 box: (0.0, 2.0) [11.0 x 18.0], co: (793.0, 447.0) [11.0 x 18.0], rect: RGBA 0x00000000
[2025/12/25 14:12:30:3017] N:      0x560c2c4dd7b0 box: (0.0, 2.0) [9.0 x 14.0], co: (793.0, 449.0) [9.0 x 14.0], text: RGBA 0x00000000, chars: 2, 25
[2025/12/25 14:12:30:3017] N:   0x560c2c4d7550 box: (2.0, 471.0) [30.0 x 27.0], co: (2.0, 471.0) [30.0 x 27.0], rect: RGBA 0x00000000
[2025/12/25 14:12:30:3017] N:    0x560c2c4d7770 box: (5.0, 15.0) [0.0 x 0.0], co: (7.0, 486.0) [0.0 x 0.0], text: RGBA 0x00000000, chars: 0,
[2025/12/25 14:12:30:3017] N:    0x560c2c4d7ae0 box: (5.0, 4.0) [8.0 x 14.0], co: (7.0, 475.0) [8.0 x 14.0], text: RGBA 0x00000000, chars: 2, 72
[2025/12/25 14:12:30:3017] N:   0x560c2c4d7cb0 box: (35.0, 498.0) [610.0 x 29.0], co: (35.0, 498.0) [610.0 x 29.0], rect: RGBA 0x00000000
[2025/12/25 14:12:30:3017] N:    0x560c2c4d7ed0 box: (0.0, 1.0) [610.0 x 27.0], co: (35.0, 499.0) [610.0 x 27.0], rect: RGBA 0x00000000
[2025/12/25 14:12:30:3017] N:     0x560c2c4d8290 box: (0.0, 1.0) [201.0 x 14.0], co: (35.0, 500.0) [201.0 x 14.0], text: RGBA 0x00000000, chars: 51, Your job is to deliver code you have proven to work
[2025/12/25 14:12:30:3017] N:   0x560c2c4d8460 box: (665.0, 527.0) [610.0 x 67.0], co: (665.0, 527.0) [610.0 x 67.0], rect: RGBA 0x00000000
[2025/12/25 14:12:30:3017] N:    0x560c2c4d8680 box: (2.0, 1.0) [610.0 x 27.0], co: (667.0, 528.0) [610.0 x 27.0], rect: RGBA 0xFFECECEC
[2025/12/25 14:12:30:3017] N:     0x560c2c4d8a70 box: (2.0, 0.0) [57.0 x 16.0], co: (669.0, 528.0) [57.0 x 16.0], rect: RGBA 0xFFECECEC
[2025/12/25 14:12:30:3017] N:     0x560c2c4d88a0 box: (2.0, 1.0) [55.0 x 14.0], co: (669.0, 529.0) [55.0 x 14.0], text: RGBA 0x00000000, chars: 11, programming
[2025/12/25 14:12:30:3017] N:    0x560c2c4d8c90 box: (2.0, 39.0) [610.0 x 27.0], co: (667.0, 566.0) [610.0 x 27.0], rect: RGBA 0xFFECECEC
[2025/12/25 14:12:30:3017] N:     0x560c2c4d9080 box: (2.0, 0.0) [46.0 x 16.0], co: (669.0, 566.0) [46.0 x 16.0], rect: RGBA 0xFFECECEC
[2025/12/25 14:12:30:3017] N:     0x560c2c4d8eb0 box: (2.0, 1.0) [44.0 x 14.0], co: (669.0, 567.0) [44.0 x 14.0], text: RGBA 0x00000000, chars: 10, vibecoding
[2025/12/25 14:12:30:3017] N:   0x560c2c4d92a0 box: (1295.0, 594.0) [610.0 x 27.0], co: (1295.0, 594.0) [610.0 x 27.0], rect: RGBA 0x00000000
[2025/12/25 14:12:30:3017] N:    0x560c2c4d94c0 box: (0.0, 1.0) [73.0 x 14.0], co: (1295.0, 595.0) [73.0 x 14.0], text: RGBA 0x00000000, chars: 17, simonwillison.net
[2025/12/25 14:12:30:3017] N:   0x560c2c4d98c0 box: (0.0, 632.0) [610.0 x 27.0], co: (0.0, 632.0) [610.0 x 27.0], rect: RGBA 0x00000000
[2025/12/25 14:12:30:3017] N:    0x560c2c49e530 box: (0.0, 1.0) [16.0 x 16.0], co: (0.0, 633.0) [16.0 x 16.0], png
[2025/12/25 14:12:30:3017] N:   0x560c2c49e6d0 box: (0.0, 670.0) [610.0 x 27.0], co: (0.0, 670.0) [610.0 x 27.0], rect: RGBA 0x00000000
[2025/12/25 14:12:30:3017] N:    0x560c2c49e8f0 box: (0.0, 1.0) [51.0 x 14.0], co: (0.0, 671.0) [51.0 x 14.0], text: RGBA 0xFF000000, chars: 13,  authored by
[2025/12/25 14:12:30:3017] N:   0x560c2c4daca0 box: (71.0, 697.0) [610.0 x 27.0], co: (71.0, 697.0) [610.0 x 27.0], rect: RGBA 0x00000000
[2025/12/25 14:12:30:3017] N:    0x560c2c4daec0 box: (0.0, 1.0) [32.0 x 14.0], co: (71.0, 698.0) [32.0 x 14.0], text: RGBA 0x00000000, chars: 6, simonw
[2025/12/25 14:12:30:3018] N:   0x560c2c4db260 box: (0.0, 749.0) [610.0 x 27.0], co: (0.0, 749.0) [610.0 x 27.0], rect: RGBA 0x00000000
[2025/12/25 14:12:30:3018] N:    0x560c2c4db480 box: (0.0, 1.0) [8.0 x 14.0], co: (0.0, 750.0) [8.0 x 14.0], text: RGBA 0xFF000000, chars: 3,  |
[2025/12/25 14:12:30:3018] N:   0x560c2c4db650 box: (28.0, 776.0) [610.0 x 82.0], co: (28.0, 776.0) [610.0 x 82.0], rect: RGBA 0x00000000
[2025/12/25 14:12:30:3018] N:    0x560c2c4db870 box: (3.75, 81.0) [0.0 x 0.0], co: (31.75, 857.0) [0.0 x 0.0], text: RGBA 0xFF000000, chars: 0,
[2025/12/25 14:12:30:3018] N:    0x560c2c4dbbe0 box: (3.75, 19.0) [91.0 x 40.0], co: (31.75, 795.0) [91.0 x 40.0], text: RGBA 0xFF000000, chars: 6, caches
[2025/12/25 14:12:30:3018] N:   0x560c2c4dc210 box: (0.0, 592.0) [610.0 x 27.0], co: (0.0, 592.0) [610.0 x 27.0], rect: RGBA 0x00000000
[2025/12/25 14:12:30:3018] N:    0x560c2c4dc5d0 box: (0.0, 1.0) [44.0 x 14.0], co: (0.0, 593.0) [44.0 x 14.0], text: RGBA 0x00000000, chars: 11, Archive.org
[2025/12/25 14:12:30:3018] N:   0x560c2c4dc7a0 box: (0.0, 630.0) [610.0 x 27.0], co: (0.0, 630.0) [610.0 x 27.0], rect: RGBA 0x00000000
[2025/12/25 14:12:30:3018] N:    0x560c2c4dc9c0 box: (0.0, 1.0) [53.0 x 14.0], co: (0.0, 631.0) [53.0 x 14.0], text: RGBA 0x00000000, chars: 13, Archive.today
[2025/12/25 14:12:30:3018] N:   0x560c2c4dcb90 box: (0.0, 668.0) [610.0 x 27.0], co: (0.0, 668.0) [610.0 x 27.0], rect: RGBA 0x00000000
[2025/12/25 14:12:30:3018] N:    0x560c2c4dcdb0 box: (0.0, 1.0) [52.0 x 14.0], co: (0.0, 669.0) [52.0 x 14.0], text: RGBA 0x00000000, chars: 12, Ghostarchive
[2025/12/25 14:12:30:3018] N:   0x560c2c4dbdb0 box: (154.75, 858.0) [610.0 x 56.0], co: (154.75, 858.0) [610.0 x 56.0], rect: RGBA 0x00000000
[2025/12/25 14:12:30:3018] N:    0x560c2c4dcf80 box: (0.0, 1.0) [610.0 x 27.0], co: (154.75, 859.0) [610.0 x 27.0], rect: RGBA 0x00000000
[2025/12/25 14:12:30:3018] N:     0x560c2c4dc010 box: (0.0, 1.0) [8.0 x 14.0], co: (154.75, 860.0) [8.0 x 14.0], text: RGBA 0xFF000000, chars: 3,  |
[2025/12/25 14:12:30:3018] N:    0x560c2c4dd1a0 box: (28.0, 28.0) [610.0 x 27.0], co: (182.75, 886.0) [610.0 x 27.0], rect: RGBA 0x00000000
[2025/12/25 14:12:30:3018] N:     0x560c2c4dd3c0 box: (0.0, 1.0) [57.0 x 14.0], co: (182.75, 887.0) [57.0 x 14.0], text: RGBA 0x00000000, chars: 13,  25 comments
[2025/12/25 14:12:30:3018] N:   0x560c2c49eae0 box: (28.0, 471.0) [610.0 x 27.0], co: (28.0, 471.0) [610.0 x 27.0], rect: RGBA 0x00000000
[2025/12/25 14:12:30:3018] N:    0x560c2c49ed00 box: (0.0, 1.0) [28.0 x 14.0], co: (28.0, 472.0) [28.0 x 14.0], text: RGBA 0x00000000, chars: 7, Page 2
[2025/12/25 14:12:30:3018] N:    0x560c2c49eef0 box: (28.0, 1.0) [5.0 x 14.0], co: (56.0, 472.0) [5.0 x 14.0], text: RGBA 0x00000000, chars: 1, >
[2025/12/25 14:12:30:3018] N:    0x560c2c4dd980 box: (33.0, 1.0) [5.0 x 14.0], co: (61.0, 472.0) [5.0 x 14.0], text: RGBA 0x00000000, chars: 1, >
[2025/12/25 14:12:30:3018] N:   0x560c2c4ddb50 box: (2.0, 509.0) [0.0 x 186.0], co: (2.0, 509.0) [0.0 x 186.0], rect: RGBA 0x00000000
[2025/12/25 14:12:30:3018] N:    0x560c2c4ddd70 box: (4.0, 2.0) [0.0 x 16.0], co: (6.0, 511.0) [0.0 x 16.0], rect: RGBA 0x00000000
[2025/12/25 14:12:30:3018] N:    0x560c2c4ddf90 box: (14.0, 18.0) [0.0 x 152.0], co: (16.0, 527.0) [0.0 x 152.0], rect: RGBA 0x00000000
[2025/12/25 14:12:30:3018] N:     0x560c2c4de1b0 box: (4.0, 2.0) [0.0 x 32.0], co: (20.0, 529.0) [0.0 x 32.0], rect: RGBA 0x00000000
[2025/12/25 14:12:30:3019] N:      0x560c2c4de3d0 box: (4.0, 2.0) [23.0 x 14.0], co: (24.0, 531.0) [23.0 x 14.0], text: RGBA 0x00000000, chars: 5, About
[2025/12/25 14:12:30:3019] N:     0x560c2c4de5a0 box: (2.0, 36.0) [0.0 x 32.0], co: (18.0, 563.0) [0.0 x 32.0], rect: RGBA 0x00000000
[2025/12/25 14:12:30:3019] N:      0x560c2c4de7c0 box: (4.0, 2.0) [19.0 x 14.0], co: (22.0, 565.0) [19.0 x 14.0], text: RGBA 0x00000000, chars: 4, Tags
[2025/12/25 14:12:30:3019] N:     0x560c2c4de990 box: (2.0, 70.0) [0.0 x 32.0], co: (18.0, 597.0) [0.0 x 32.0], rect: RGBA 0x00000000
[2025/12/25 14:12:30:3019] N:      0x560c2c4debb0 box: (4.0, 2.0) [21.0 x 14.0], co: (22.0, 599.0) [21.0 x 14.0], text: RGBA 0x00000000, chars: 6, Filter
[2025/12/25 14:12:30:3019] N:     0x560c2c4ded80 box: (2.0, 104.0) [0.0 x 32.0], co: (18.0, 631.0) [0.0 x 32.0], rect: RGBA 0x00000000
[2025/12/25 14:12:30:3019] N:      0x560c2c4defa0 box: (4.0, 2.0) [62.0 x 14.0], co: (22.0, 633.0) [62.0 x 14.0], text: RGBA 0x00000000, chars: 14, Moderation Log
[2025/12/25 14:12:30:3019] N:   0x560c2c4df170 box: (30.0, 695.0) [2.0 x 16.0], co: (30.0, 695.0) [2.0 x 16.0], rect: RGBA 0x00000000
[2025/12/25 14:12:30:3019] N:   0x560c2c4df390 box: (40.0, 711.0) [2.0 x 16.0], co: (40.0, 711.0) [2.0 x 16.0], rect: RGBA 0x00000000
[2025/12/25 14:12:30:3019] N: lws_upng_decode: PNG says WANT_INPUT
[2025/12/25 14:12:30:3019] N: render: line 0
[2025/12/25 14:12:30:4061] W: render: render has reached end and destroys displaylist
[2025/12/25 14:12:30:4074] U: Completed: PASS
